21:56:29 **** Auto Build of configuration Debug for project demo ****
make pre-build main-build 
a9-linaro-pre-build-step
' '
'Building file: ../src/helloworld.c'
'Invoking: ARM v7 gcc compiler'
arm-none-eabi-gcc -Wall -O0 -g3 -I../../demo_bsp/ps7_cortexa9_0/include -I"E:\zynq_project\SDCard\SDCard\SDCard.sdk\demo_bsp\ps7_cortexa9_0\include" -c -fmessage-length=0 -MT"src/helloworld.o" -mcpu=cortex-a9 -mfpu=vfpv3 -mfloat-abi=hard -MMD -MP -MF"src/helloworld.d" -MT"src/helloworld.d" -o "src/helloworld.o" "../src/helloworld.c"
../src/helloworld.c: In function 'main':
../src/helloworld.c:260:15: warning: pointer targets in passing argument 1 of 'strlen' differ in signedness [-Wpointer-sign]
  len = strlen(src_str);         //计算字符串长度
               ^~~~~~~
In file included from ../../demo_bsp/ps7_cortexa9_0/include/xil_printf.h:9,
                 from ../src/helloworld.c:50:
d:\xilinx\sdk\2019.1\gnu\aarch32\nt\gcc-arm-none-eabi\arm-none-eabi\libc\usr\include\string.h:41:9: note: expected 'const char *' but argument is of type 'u8 *' {aka 'unsigned char *'}
 size_t  strlen (const char *);
         ^~~~~~
../src/helloworld.c: In function 'QspiFlashPolledExample':
../src/helloworld.c:328:6: warning: unused variable 'Status' [-Wunused-variable]
  int Status;
      ^~~~~~
../src/helloworld.c: In function 'axi_gpio_handler':
../src/helloworld.c:765:3: warning: implicit declaration of function 'sleep'; did you mean 'strsep'? [-Wimplicit-function-declaration]
   sleep(1);            //延时1s,按键消抖
   ^~~~~
   strsep
../src/helloworld.c: In function 'sd_write_data':
../src/helloworld.c:228:1: warning: control reaches end of non-void function [-Wreturn-type]
 }
 ^
../src/helloworld.c: In function 'PS_LED_INIT':
../src/helloworld.c:728:1: warning: control reaches end of non-void function [-Wreturn-type]
 }
 ^
'Finished building: ../src/helloworld.c'
' '
'Building target: demo.elf'
'Invoking: ARM v7 gcc linker'
arm-none-eabi-gcc -mcpu=cortex-a9 -mfpu=vfpv3 -mfloat-abi=hard -Wl,-build-id=none -specs=Xilinx.spec -Wl,-T -Wl,../src/lscript.ld -L../../demo_bsp/ps7_cortexa9_0/lib -o "demo.elf"  ./src/helloworld.o ./src/platform.o   -lxilffs -Wl,--start-group,-lxil,-lgcc,-lc,--end-group
'Finished building target: demo.elf'
' '
'Invoking: ARM v7 Print Size'
arm-none-eabi-size demo.elf  |tee "demo.elf.size"
   text	   data	    bss	    dec	    hex	filename
 144272	   2520	  30592	 177384	  2b4e8	demo.elf
'Finished building: demo.elf.size'
' '

21:56:29 Build Finished (took 534ms)

