22:36:15 **** Build of configuration Debug for project axidma_sg_bsp_xaxidma_example_sg_poll_1 ****
make pre-build main-build 
a9-linaro-pre-build-step
' '
'Building file: ../src/xaxidma_example_sg_poll.c'
'Invoking: ARM v7 gcc compiler'
arm-none-eabi-gcc -Wall -O0 -g3 -c -fmessage-length=0 -MT"src/xaxidma_example_sg_poll.o" -mcpu=cortex-a9 -mfpu=vfpv3 -mfloat-abi=hard -I../../axidma_sg_bsp/ps7_cortexa9_0/include -MMD -MP -MF"src/xaxidma_example_sg_poll.d" -MT"src/xaxidma_example_sg_poll.o" -o "src/xaxidma_example_sg_poll.o" "../src/xaxidma_example_sg_poll.c"
../src/xaxidma_example_sg_poll.c:116:2: warning: #warning CHECK FOR THE VALID DDR ADDRESS IN XPARAMETERS.H, DEFAULT SET TO 0x01000000 [-Wcpp]
 #warning CHECK FOR THE VALID DDR ADDRESS IN XPARAMETERS.H, \
  ^~~~~~~
'Finished building: ../src/xaxidma_example_sg_poll.c'
' '
'Building target: axidma_sg_bsp_xaxidma_example_sg_poll_1.elf'
'Invoking: ARM v7 gcc linker'
arm-none-eabi-gcc -mcpu=cortex-a9 -mfpu=vfpv3 -mfloat-abi=hard -Wl,-build-id=none -specs=Xilinx.spec -Wl,-T -Wl,../src/lscript.ld -L../../axidma_sg_bsp/ps7_cortexa9_0/lib -o "axidma_sg_bsp_xaxidma_example_sg_poll_1.elf"  ./src/xaxidma_example_sg_poll.o   -Wl,--start-group,-lxil,-lgcc,-lc,--end-group
'Finished building target: axidma_sg_bsp_xaxidma_example_sg_poll_1.elf'
' '
'Invoking: ARM v7 Print Size'
arm-none-eabi-size axidma_sg_bsp_xaxidma_example_sg_poll_1.elf  |tee "axidma_sg_bsp_xaxidma_example_sg_poll_1.elf.size"
   text	   data	    bss	    dec	    hex	filename
  44932	   2656	  25192	  72780	  11c4c	axidma_sg_bsp_xaxidma_example_sg_poll_1.elf
'Finished building: axidma_sg_bsp_xaxidma_example_sg_poll_1.elf.size'
' '

22:36:16 Build Finished (took 616ms)

