13:21:42 **** Build of project uart_bsp ****
make -k all 
"Running Make include in ps7_cortexa9_0/libsrc/coresightps_dcc_v1_5/src"
make -C ps7_cortexa9_0/libsrc/coresightps_dcc_v1_5/src -s include  "SHELL=CMD" "COMPILER=arm-none-eabi-gcc" "ARCHIVER=arm-none-eabi-ar" "COMPILER_FLAGS=  -O2 -c" "EXTRA_COMPILER_FLAGS=-mcpu=cortex-a9 -mfpu=vfpv3 -mfloat-abi=hard -nostartfiles -g -Wall -Wextra"
"Running Make include in ps7_cortexa9_0/libsrc/cpu_cortexa9_v2_7/src"
make -C ps7_cortexa9_0/libsrc/cpu_cortexa9_v2_7/src -s include  "SHELL=CMD" "COMPILER=arm-none-eabi-gcc" "ARCHIVER=arm-none-eabi-ar" "COMPILER_FLAGS=  -O2 -c" "EXTRA_COMPILER_FLAGS=-mcpu=cortex-a9 -mfpu=vfpv3 -mfloat-abi=hard -nostartfiles -g -Wall -Wextra"
"Running Make include in ps7_cortexa9_0/libsrc/ddrps_v1_0/src"
make -C ps7_cortexa9_0/libsrc/ddrps_v1_0/src -s include  "SHELL=CMD" "COMPILER=arm-none-eabi-gcc" "ARCHIVER=arm-none-eabi-ar" "COMPILER_FLAGS=  -O2 -c" "EXTRA_COMPILER_FLAGS=-mcpu=cortex-a9 -mfpu=vfpv3 -mfloat-abi=hard -nostartfiles -g -Wall -Wextra"
"Running Make include in ps7_cortexa9_0/libsrc/devcfg_v3_5/src"
make -C ps7_cortexa9_0/libsrc/devcfg_v3_5/src -s include  "SHELL=CMD" "COMPILER=arm-none-eabi-gcc" "ARCHIVER=arm-none-eabi-ar" "COMPILER_FLAGS=  -O2 -c" "EXTRA_COMPILER_FLAGS=-mcpu=cortex-a9 -mfpu=vfpv3 -mfloat-abi=hard -nostartfiles -g -Wall -Wextra"
"Running Make include in ps7_cortexa9_0/libsrc/dmaps_v2_4/src"
make -C ps7_cortexa9_0/libsrc/dmaps_v2_4/src -s include  "SHELL=CMD" "COMPILER=arm-none-eabi-gcc" "ARCHIVER=arm-none-eabi-ar" "COMPILER_FLAGS=  -O2 -c" "EXTRA_COMPILER_FLAGS=-mcpu=cortex-a9 -mfpu=vfpv3 -mfloat-abi=hard -nostartfiles -g -Wall -Wextra"
"Running Make include in ps7_cortexa9_0/libsrc/emacps_v3_9/src"
make -C ps7_cortexa9_0/libsrc/emacps_v3_9/src -s include  "SHELL=CMD" "COMPILER=arm-none-eabi-gcc" "ARCHIVER=arm-none-eabi-ar" "COMPILER_FLAGS=  -O2 -c" "EXTRA_COMPILER_FLAGS=-mcpu=cortex-a9 -mfpu=vfpv3 -mfloat-abi=hard -nostartfiles -g -Wall -Wextra"
"Running Make include in ps7_cortexa9_0/libsrc/gpiops_v3_5/src"
make -C ps7_cortexa9_0/libsrc/gpiops_v3_5/src -s include  "SHELL=CMD" "COMPILER=arm-none-eabi-gcc" "ARCHIVER=arm-none-eabi-ar" "COMPILER_FLAGS=  -O2 -c" "EXTRA_COMPILER_FLAGS=-mcpu=cortex-a9 -mfpu=vfpv3 -mfloat-abi=hard -nostartfiles -g -Wall -Wextra"
"Running Make include in ps7_cortexa9_0/libsrc/gpio_v4_4/src"
make -C ps7_cortexa9_0/libsrc/gpio_v4_4/src -s include  "SHELL=CMD" "COMPILER=arm-none-eabi-gcc" "ARCHIVER=arm-none-eabi-ar" "COMPILER_FLAGS=  -O2 -c" "EXTRA_COMPILER_FLAGS=-mcpu=cortex-a9 -mfpu=vfpv3 -mfloat-abi=hard -nostartfiles -g -Wall -Wextra"
"Running Make include in ps7_cortexa9_0/libsrc/qspips_v3_6/src"
make -C ps7_cortexa9_0/libsrc/qspips_v3_6/src -s include  "SHELL=CMD" "COMPILER=arm-none-eabi-gcc" "ARCHIVER=arm-none-eabi-ar" "COMPILER_FLAGS=  -O2 -c" "EXTRA_COMPILER_FLAGS=-mcpu=cortex-a9 -mfpu=vfpv3 -mfloat-abi=hard -nostartfiles -g -Wall -Wextra"
"Running Make include in ps7_cortexa9_0/libsrc/scugic_v4_0/src"
make -C ps7_cortexa9_0/libsrc/scugic_v4_0/src -s include  "SHELL=CMD" "COMPILER=arm-none-eabi-gcc" "ARCHIVER=arm-none-eabi-ar" "COMPILER_FLAGS=  -O2 -c" "EXTRA_COMPILER_FLAGS=-mcpu=cortex-a9 -mfpu=vfpv3 -mfloat-abi=hard -nostartfiles -g -Wall -Wextra"
"Running Make include in ps7_cortexa9_0/libsrc/scutimer_v2_1/src"
make -C ps7_cortexa9_0/libsrc/scutimer_v2_1/src -s include  "SHELL=CMD" "COMPILER=arm-none-eabi-gcc" "ARCHIVER=arm-none-eabi-ar" "COMPILER_FLAGS=  -O2 -c" "EXTRA_COMPILER_FLAGS=-mcpu=cortex-a9 -mfpu=vfpv3 -mfloat-abi=hard -nostartfiles -g -Wall -Wextra"
"Running Make include in ps7_cortexa9_0/libsrc/scuwdt_v2_1/src"
make -C ps7_cortexa9_0/libsrc/scuwdt_v2_1/src -s include  "SHELL=CMD" "COMPILER=arm-none-eabi-gcc" "ARCHIVER=arm-none-eabi-ar" "COMPILER_FLAGS=  -O2 -c" "EXTRA_COMPILER_FLAGS=-mcpu=cortex-a9 -mfpu=vfpv3 -mfloat-abi=hard -nostartfiles -g -Wall -Wextra"
"Running Make include in ps7_cortexa9_0/libsrc/sdps_v3_7/src"
make -C ps7_cortexa9_0/libsrc/sdps_v3_7/src -s include  "SHELL=CMD" "COMPILER=arm-none-eabi-gcc" "ARCHIVER=arm-none-eabi-ar" "COMPILER_FLAGS=  -O2 -c" "EXTRA_COMPILER_FLAGS=-mcpu=cortex-a9 -mfpu=vfpv3 -mfloat-abi=hard -nostartfiles -g -Wall -Wextra"
"Running Make include in ps7_cortexa9_0/libsrc/standalone_v7_0/src"
make -C ps7_cortexa9_0/libsrc/standalone_v7_0/src -s include  "SHELL=CMD" "COMPILER=arm-none-eabi-gcc" "ARCHIVER=arm-none-eabi-ar" "COMPILER_FLAGS=  -O2 -c" "EXTRA_COMPILER_FLAGS=-mcpu=cortex-a9 -mfpu=vfpv3 -mfloat-abi=hard -nostartfiles -g -Wall -Wextra"
"Running Make include in ps7_cortexa9_0/libsrc/tmrctr_v4_5/src"
make -C ps7_cortexa9_0/libsrc/tmrctr_v4_5/src -s include  "SHELL=CMD" "COMPILER=arm-none-eabi-gcc" "ARCHIVER=arm-none-eabi-ar" "COMPILER_FLAGS=  -O2 -c" "EXTRA_COMPILER_FLAGS=-mcpu=cortex-a9 -mfpu=vfpv3 -mfloat-abi=hard -nostartfiles -g -Wall -Wextra"
"Running Make include in ps7_cortexa9_0/libsrc/uartlite_v3_2/src"
make -C ps7_cortexa9_0/libsrc/uartlite_v3_2/src -s include  "SHELL=CMD" "COMPILER=arm-none-eabi-gcc" "ARCHIVER=arm-none-eabi-ar" "COMPILER_FLAGS=  -O2 -c" "EXTRA_COMPILER_FLAGS=-mcpu=cortex-a9 -mfpu=vfpv3 -mfloat-abi=hard -nostartfiles -g -Wall -Wextra"
"Running Make include in ps7_cortexa9_0/libsrc/uartps_v3_7/src"
make -C ps7_cortexa9_0/libsrc/uartps_v3_7/src -s include  "SHELL=CMD" "COMPILER=arm-none-eabi-gcc" "ARCHIVER=arm-none-eabi-ar" "COMPILER_FLAGS=  -O2 -c" "EXTRA_COMPILER_FLAGS=-mcpu=cortex-a9 -mfpu=vfpv3 -mfloat-abi=hard -nostartfiles -g -Wall -Wextra"
"Running Make include in ps7_cortexa9_0/libsrc/xadcps_v2_3/src"
make -C ps7_cortexa9_0/libsrc/xadcps_v2_3/src -s include  "SHELL=CMD" "COMPILER=arm-none-eabi-gcc" "ARCHIVER=arm-none-eabi-ar" "COMPILER_FLAGS=  -O2 -c" "EXTRA_COMPILER_FLAGS=-mcpu=cortex-a9 -mfpu=vfpv3 -mfloat-abi=hard -nostartfiles -g -Wall -Wextra"
"Running Make libs in ps7_cortexa9_0/libsrc/coresightps_dcc_v1_5/src"
make -C ps7_cortexa9_0/libsrc/coresightps_dcc_v1_5/src -s libs  "SHELL=CMD" "COMPILER=arm-none-eabi-gcc" "ARCHIVER=arm-none-eabi-ar" "COMPILER_FLAGS=  -O2 -c" "EXTRA_COMPILER_FLAGS=-mcpu=cortex-a9 -mfpu=vfpv3 -mfloat-abi=hard -nostartfiles -g -Wall -Wextra"
"Compiling coresightps_dcc"
arm-none-eabi-ar: creating ../../../lib/libxil.a
"Running Make libs in ps7_cortexa9_0/libsrc/cpu_cortexa9_v2_7/src"
make -C ps7_cortexa9_0/libsrc/cpu_cortexa9_v2_7/src -s libs  "SHELL=CMD" "COMPILER=arm-none-eabi-gcc" "ARCHIVER=arm-none-eabi-ar" "COMPILER_FLAGS=  -O2 -c" "EXTRA_COMPILER_FLAGS=-mcpu=cortex-a9 -mfpu=vfpv3 -mfloat-abi=hard -nostartfiles -g -Wall -Wextra"
"Compiling cpu_cortexa9"
"Running Make libs in ps7_cortexa9_0/libsrc/ddrps_v1_0/src"
make -C ps7_cortexa9_0/libsrc/ddrps_v1_0/src -s libs  "SHELL=CMD" "COMPILER=arm-none-eabi-gcc" "ARCHIVER=arm-none-eabi-ar" "COMPILER_FLAGS=  -O2 -c" "EXTRA_COMPILER_FLAGS=-mcpu=cortex-a9 -mfpu=vfpv3 -mfloat-abi=hard -nostartfiles -g -Wall -Wextra"
"Compiling ddrps"
"Running Make libs in ps7_cortexa9_0/libsrc/devcfg_v3_5/src"
make -C ps7_cortexa9_0/libsrc/devcfg_v3_5/src -s libs  "SHELL=CMD" "COMPILER=arm-none-eabi-gcc" "ARCHIVER=arm-none-eabi-ar" "COMPILER_FLAGS=  -O2 -c" "EXTRA_COMPILER_FLAGS=-mcpu=cortex-a9 -mfpu=vfpv3 -mfloat-abi=hard -nostartfiles -g -Wall -Wextra"
"Compiling devcfg"
"Running Make libs in ps7_cortexa9_0/libsrc/dmaps_v2_4/src"
make -C ps7_cortexa9_0/libsrc/dmaps_v2_4/src -s libs  "SHELL=CMD" "COMPILER=arm-none-eabi-gcc" "ARCHIVER=arm-none-eabi-ar" "COMPILER_FLAGS=  -O2 -c" "EXTRA_COMPILER_FLAGS=-mcpu=cortex-a9 -mfpu=vfpv3 -mfloat-abi=hard -nostartfiles -g -Wall -Wextra"
"Compiling dmaps"
"Running Make libs in ps7_cortexa9_0/libsrc/emacps_v3_9/src"
make -C ps7_cortexa9_0/libsrc/emacps_v3_9/src -s libs  "SHELL=CMD" "COMPILER=arm-none-eabi-gcc" "ARCHIVER=arm-none-eabi-ar" "COMPILER_FLAGS=  -O2 -c" "EXTRA_COMPILER_FLAGS=-mcpu=cortex-a9 -mfpu=vfpv3 -mfloat-abi=hard -nostartfiles -g -Wall -Wextra"
"Compiling emacps"
"Running Make libs in ps7_cortexa9_0/libsrc/gpiops_v3_5/src"
make -C ps7_cortexa9_0/libsrc/gpiops_v3_5/src -s libs  "SHELL=CMD" "COMPILER=arm-none-eabi-gcc" "ARCHIVER=arm-none-eabi-ar" "COMPILER_FLAGS=  -O2 -c" "EXTRA_COMPILER_FLAGS=-mcpu=cortex-a9 -mfpu=vfpv3 -mfloat-abi=hard -nostartfiles -g -Wall -Wextra"
"Compiling gpiops"
"Running Make libs in ps7_cortexa9_0/libsrc/gpio_v4_4/src"
make -C ps7_cortexa9_0/libsrc/gpio_v4_4/src -s libs  "SHELL=CMD" "COMPILER=arm-none-eabi-gcc" "ARCHIVER=arm-none-eabi-ar" "COMPILER_FLAGS=  -O2 -c" "EXTRA_COMPILER_FLAGS=-mcpu=cortex-a9 -mfpu=vfpv3 -mfloat-abi=hard -nostartfiles -g -Wall -Wextra"
"Compiling gpio"
"Running Make libs in ps7_cortexa9_0/libsrc/qspips_v3_6/src"
make -C ps7_cortexa9_0/libsrc/qspips_v3_6/src -s libs  "SHELL=CMD" "COMPILER=arm-none-eabi-gcc" "ARCHIVER=arm-none-eabi-ar" "COMPILER_FLAGS=  -O2 -c" "EXTRA_COMPILER_FLAGS=-mcpu=cortex-a9 -mfpu=vfpv3 -mfloat-abi=hard -nostartfiles -g -Wall -Wextra"
"Compiling qspips"
"Running Make libs in ps7_cortexa9_0/libsrc/scugic_v4_0/src"
make -C ps7_cortexa9_0/libsrc/scugic_v4_0/src -s libs  "SHELL=CMD" "COMPILER=arm-none-eabi-gcc" "ARCHIVER=arm-none-eabi-ar" "COMPILER_FLAGS=  -O2 -c" "EXTRA_COMPILER_FLAGS=-mcpu=cortex-a9 -mfpu=vfpv3 -mfloat-abi=hard -nostartfiles -g -Wall -Wextra"
"Compiling scugic"
"Running Make libs in ps7_cortexa9_0/libsrc/scutimer_v2_1/src"
make -C ps7_cortexa9_0/libsrc/scutimer_v2_1/src -s libs  "SHELL=CMD" "COMPILER=arm-none-eabi-gcc" "ARCHIVER=arm-none-eabi-ar" "COMPILER_FLAGS=  -O2 -c" "EXTRA_COMPILER_FLAGS=-mcpu=cortex-a9 -mfpu=vfpv3 -mfloat-abi=hard -nostartfiles -g -Wall -Wextra"
"Compiling scutimer"
"Running Make libs in ps7_cortexa9_0/libsrc/scuwdt_v2_1/src"
make -C ps7_cortexa9_0/libsrc/scuwdt_v2_1/src -s libs  "SHELL=CMD" "COMPILER=arm-none-eabi-gcc" "ARCHIVER=arm-none-eabi-ar" "COMPILER_FLAGS=  -O2 -c" "EXTRA_COMPILER_FLAGS=-mcpu=cortex-a9 -mfpu=vfpv3 -mfloat-abi=hard -nostartfiles -g -Wall -Wextra"
"Compiling scuwdt"
"Running Make libs in ps7_cortexa9_0/libsrc/sdps_v3_7/src"
make -C ps7_cortexa9_0/libsrc/sdps_v3_7/src -s libs  "SHELL=CMD" "COMPILER=arm-none-eabi-gcc" "ARCHIVER=arm-none-eabi-ar" "COMPILER_FLAGS=  -O2 -c" "EXTRA_COMPILER_FLAGS=-mcpu=cortex-a9 -mfpu=vfpv3 -mfloat-abi=hard -nostartfiles -g -Wall -Wextra"
"Compiling sdps"
"Running Make libs in ps7_cortexa9_0/libsrc/standalone_v7_0/src"
make -C ps7_cortexa9_0/libsrc/standalone_v7_0/src -s libs  "SHELL=CMD" "COMPILER=arm-none-eabi-gcc" "ARCHIVER=arm-none-eabi-ar" "COMPILER_FLAGS=  -O2 -c" "EXTRA_COMPILER_FLAGS=-mcpu=cortex-a9 -mfpu=vfpv3 -mfloat-abi=hard -nostartfiles -g -Wall -Wextra"
"Compiling standalone"
In file included from usleep.c:56:
xtime_l.h:87:9: note: #pragma message: For the sleep routines, Global timer is being used
 #pragma message ("For the sleep routines, Global timer is being used")
         ^~~~~~~
In file included from xil_sleeptimer.c:51:
xtime_l.h:87:9: note: #pragma message: For the sleep routines, Global timer is being used
 #pragma message ("For the sleep routines, Global timer is being used")
         ^~~~~~~
In file included from xtime_l.c:49:
xtime_l.h:87:9: note: #pragma message: For the sleep routines, Global timer is being used
 #pragma message ("For the sleep routines, Global timer is being used")
         ^~~~~~~
In file included from sleep.c:53:
xtime_l.h:87:9: note: #pragma message: For the sleep routines, Global timer is being used
 #pragma message ("For the sleep routines, Global timer is being used")
         ^~~~~~~
"Running Make libs in ps7_cortexa9_0/libsrc/tmrctr_v4_5/src"
make -C ps7_cortexa9_0/libsrc/tmrctr_v4_5/src -s libs  "SHELL=CMD" "COMPILER=arm-none-eabi-gcc" "ARCHIVER=arm-none-eabi-ar" "COMPILER_FLAGS=  -O2 -c" "EXTRA_COMPILER_FLAGS=-mcpu=cortex-a9 -mfpu=vfpv3 -mfloat-abi=hard -nostartfiles -g -Wall -Wextra"
"Compiling tmrctr"
"Running Make libs in ps7_cortexa9_0/libsrc/uartlite_v3_2/src"
make -C ps7_cortexa9_0/libsrc/uartlite_v3_2/src -s libs  "SHELL=CMD" "COMPILER=arm-none-eabi-gcc" "ARCHIVER=arm-none-eabi-ar" "COMPILER_FLAGS=  -O2 -c" "EXTRA_COMPILER_FLAGS=-mcpu=cortex-a9 -mfpu=vfpv3 -mfloat-abi=hard -nostartfiles -g -Wall -Wextra"
"Compiling uartlite"
"Running Make libs in ps7_cortexa9_0/libsrc/uartps_v3_7/src"
make -C ps7_cortexa9_0/libsrc/uartps_v3_7/src -s libs  "SHELL=CMD" "COMPILER=arm-none-eabi-gcc" "ARCHIVER=arm-none-eabi-ar" "COMPILER_FLAGS=  -O2 -c" "EXTRA_COMPILER_FLAGS=-mcpu=cortex-a9 -mfpu=vfpv3 -mfloat-abi=hard -nostartfiles -g -Wall -Wextra"
"Compiling uartps"
"Running Make libs in ps7_cortexa9_0/libsrc/xadcps_v2_3/src"
make -C ps7_cortexa9_0/libsrc/xadcps_v2_3/src -s libs  "SHELL=CMD" "COMPILER=arm-none-eabi-gcc" "ARCHIVER=arm-none-eabi-ar" "COMPILER_FLAGS=  -O2 -c" "EXTRA_COMPILER_FLAGS=-mcpu=cortex-a9 -mfpu=vfpv3 -mfloat-abi=hard -nostartfiles -g -Wall -Wextra"
"Compiling xadcps"
'Finished building libraries'
13:21:56 **** Build of configuration Debug for project uart ****
make pre-build main-build 
a9-linaro-pre-build-step
' '
'Building file: ../src/helloworld.c'
'Invoking: ARM v7 gcc compiler'
arm-none-eabi-gcc -Wall -O0 -g3 -c -fmessage-length=0 -MT"src/helloworld.o" -mcpu=cortex-a9 -mfpu=vfpv3 -mfloat-abi=hard -I../../uart_bsp/ps7_cortexa9_0/include -MMD -MP -MF"src/helloworld.d" -MT"src/helloworld.o" -o "src/helloworld.o" "../src/helloworld.c"
'Finished building: ../src/helloworld.c'
' '
'Building file: ../src/platform.c'
'Invoking: ARM v7 gcc compiler'
arm-none-eabi-gcc -Wall -O0 -g3 -c -fmessage-length=0 -MT"src/platform.o" -mcpu=cortex-a9 -mfpu=vfpv3 -mfloat-abi=hard -I../../uart_bsp/ps7_cortexa9_0/include -MMD -MP -MF"src/platform.d" -MT"src/platform.o" -o "src/platform.o" "../src/platform.c"
'Finished building: ../src/platform.c'
' '
'Building target: uart.elf'
'Invoking: ARM v7 gcc linker'
arm-none-eabi-gcc -mcpu=cortex-a9 -mfpu=vfpv3 -mfloat-abi=hard -Wl,-build-id=none -specs=Xilinx.spec -Wl,-T -Wl,../src/lscript.ld -L../../uart_bsp/ps7_cortexa9_0/lib -o "uart.elf"  ./src/helloworld.o ./src/platform.o   -Wl,--start-group,-lxil,-lgcc,-lc,--end-group
'Finished building target: uart.elf'
' '
'Invoking: ARM v7 Print Size'
arm-none-eabi-size uart.elf  |tee "uart.elf.size"
   text	   data	    bss	    dec	    hex	filename
  19060	   1144	  22568	  42772	   a714	uart.elf
'Finished building: uart.elf.size'
' '
13:24:08 **** Auto Build of configuration Debug for project uart ****
make pre-build main-build 
a9-linaro-pre-build-step
' '
'Building file: ../src/xuartlite_intr.c'
'Invoking: ARM v7 gcc compiler'
arm-none-eabi-gcc -Wall -O0 -g3 -c -fmessage-length=0 -MT"src/xuartlite_intr.o" -mcpu=cortex-a9 -mfpu=vfpv3 -mfloat-abi=hard -I../../uart_bsp/ps7_cortexa9_0/include -MMD -MP -MF"src/xuartlite_intr.d" -MT"src/xuartlite_intr.o" -o "src/xuartlite_intr.o" "../src/xuartlite_intr.c"
../src/xuartlite_intr.c:61:10: fatal error: xintc.h: No such file or directory
 #include "xintc.h"
          ^~~~~~~~~
compilation terminated.
make: *** [src/subdir.mk:29: src/xuartlite_intr.o] Error 1
13:25:07 **** Auto Build of configuration Debug for project uart ****
make pre-build main-build 
a9-linaro-pre-build-step
' '
'Building file: ../src/xuartlite_intr.c'
'Invoking: ARM v7 gcc compiler'
arm-none-eabi-gcc -Wall -O0 -g3 -c -fmessage-length=0 -MT"src/xuartlite_intr.o" -mcpu=cortex-a9 -mfpu=vfpv3 -mfloat-abi=hard -I../../uart_bsp/ps7_cortexa9_0/include -MMD -MP -MF"src/xuartlite_intr.d" -MT"src/xuartlite_intr.o" -o "src/xuartlite_intr.o" "../src/xuartlite_intr.c"
../src/xuartlite_intr.c:61:10: fatal error: xintc.h: No such file or directory
 #include "xintc.h"
          ^~~~~~~~~
compilation terminated.
make: *** [src/subdir.mk:29: src/xuartlite_intr.o] Error 1
13:27:41 **** Build of configuration Debug for project uart_bsp_xuartlite_intr_example_1 ****
make pre-build main-build 
a9-linaro-pre-build-step
' '
'Building file: ../src/xuartlite_intr_example.c'
'Invoking: ARM v7 gcc compiler'
arm-none-eabi-gcc -Wall -O0 -g3 -c -fmessage-length=0 -MT"src/xuartlite_intr_example.o" -mcpu=cortex-a9 -mfpu=vfpv3 -mfloat-abi=hard -I../../uart_bsp/ps7_cortexa9_0/include -MMD -MP -MF"src/xuartlite_intr_example.d" -MT"src/xuartlite_intr_example.o" -o "src/xuartlite_intr_example.o" "../src/xuartlite_intr_example.c"
../src/xuartlite_intr_example.c:61:10: fatal error: xintc.h: No such file or directory
 #include "xintc.h"
          ^~~~~~~~~
compilation terminated.
make: *** [src/subdir.mk:23: src/xuartlite_intr_example.o] Error 1
13:27:42 **** Build of configuration Debug for project uart_bsp_xuartlite_polled_example_1 ****
make pre-build main-build 
a9-linaro-pre-build-step
' '
'Building file: ../src/xuartlite_polled_example.c'
'Invoking: ARM v7 gcc compiler'
arm-none-eabi-gcc -Wall -O0 -g3 -c -fmessage-length=0 -MT"src/xuartlite_polled_example.o" -mcpu=cortex-a9 -mfpu=vfpv3 -mfloat-abi=hard -I../../uart_bsp/ps7_cortexa9_0/include -MMD -MP -MF"src/xuartlite_polled_example.d" -MT"src/xuartlite_polled_example.o" -o "src/xuartlite_polled_example.o" "../src/xuartlite_polled_example.c"
'Finished building: ../src/xuartlite_polled_example.c'
' '
'Building target: uart_bsp_xuartlite_polled_example_1.elf'
'Invoking: ARM v7 gcc linker'
arm-none-eabi-gcc -mcpu=cortex-a9 -mfpu=vfpv3 -mfloat-abi=hard -Wl,-build-id=none -specs=Xilinx.spec -Wl,-T -Wl,../src/lscript.ld -L../../uart_bsp/ps7_cortexa9_0/lib -o "uart_bsp_xuartlite_polled_example_1.elf"  ./src/xuartlite_polled_example.o   -Wl,--start-group,-lxil,-lgcc,-lc,--end-group
'Finished building target: uart_bsp_xuartlite_polled_example_1.elf'
' '
'Invoking: ARM v7 Print Size'
arm-none-eabi-size uart_bsp_xuartlite_polled_example_1.elf  |tee "uart_bsp_xuartlite_polled_example_1.elf.size"
   text	   data	    bss	    dec	    hex	filename
  31880	   1560	  23384	  56824	   ddf8	uart_bsp_xuartlite_polled_example_1.elf
'Finished building: uart_bsp_xuartlite_polled_example_1.elf.size'
' '
13:32:02 **** Build of configuration Debug for project uart_bsp_xuartlite_polled_example_1 ****
make pre-build main-build 
a9-linaro-pre-build-step
' '
'Building file: ../src/xuartlite_polled_example.c'
'Invoking: ARM v7 gcc compiler'
arm-none-eabi-gcc -Wall -O0 -g3 -c -fmessage-length=0 -MT"src/xuartlite_polled_example.o" -mcpu=cortex-a9 -mfpu=vfpv3 -mfloat-abi=hard -I../../uart_bsp/ps7_cortexa9_0/include -MMD -MP -MF"src/xuartlite_polled_example.d" -MT"src/xuartlite_polled_example.o" -o "src/xuartlite_polled_example.o" "../src/xuartlite_polled_example.c"
'Finished building: ../src/xuartlite_polled_example.c'
' '
'Building target: uart_bsp_xuartlite_polled_example_1.elf'
'Invoking: ARM v7 gcc linker'
arm-none-eabi-gcc -mcpu=cortex-a9 -mfpu=vfpv3 -mfloat-abi=hard -Wl,-build-id=none -specs=Xilinx.spec -Wl,-T -Wl,../src/lscript.ld -L../../uart_bsp/ps7_cortexa9_0/lib -o "uart_bsp_xuartlite_polled_example_1.elf"  ./src/xuartlite_polled_example.o   -Wl,--start-group,-lxil,-lgcc,-lc,--end-group
'Finished building target: uart_bsp_xuartlite_polled_example_1.elf'
' '
'Invoking: ARM v7 Print Size'
arm-none-eabi-size uart_bsp_xuartlite_polled_example_1.elf  |tee "uart_bsp_xuartlite_polled_example_1.elf.size"
   text	   data	    bss	    dec	    hex	filename
  31880	   1560	  23384	  56824	   ddf8	uart_bsp_xuartlite_polled_example_1.elf
'Finished building: uart_bsp_xuartlite_polled_example_1.elf.size'
' '
13:35:46 **** Auto Build of configuration Debug for project uart ****
make pre-build main-build 
a9-linaro-pre-build-step
' '
'Building file: ../src/xuartlite_intr.c'
'Invoking: ARM v7 gcc compiler'
arm-none-eabi-gcc -Wall -O0 -g3 -c -fmessage-length=0 -MT"src/xuartlite_intr.o" -mcpu=cortex-a9 -mfpu=vfpv3 -mfloat-abi=hard -I../../uart_bsp/ps7_cortexa9_0/include -MMD -MP -MF"src/xuartlite_intr.d" -MT"src/xuartlite_intr.o" -o "src/xuartlite_intr.o" "../src/xuartlite_intr.c"
../src/xuartlite_intr.c:106:2: error: unknown type name 'XIntc'
  XIntc InterruptController;     /* The instance of the Interrupt Controller */
  ^~~~~
../src/xuartlite_intr.c: In function 'SetupInterruptSystem':
../src/xuartlite_intr.c:317:11: warning: implicit declaration of function 'XIntc_Initialize'; did you mean 'XUartLite_Initialize'? [-Wimplicit-function-declaration]
  Status = XIntc_Initialize(&InterruptController, INTC_DEVICE_ID);
           ^~~~~~~~~~~~~~~~
           XUartLite_Initialize
../src/xuartlite_intr.c:74:33: error: 'XPAR_INTC_0_DEVICE_ID' undeclared (first use in this function); did you mean 'XPAR_GPIO_0_DEVICE_ID'?
 #define INTC_DEVICE_ID          XPAR_INTC_0_DEVICE_ID
                                 ^~~~~~~~~~~~~~~~~~~~~
../src/xuartlite_intr.c:317:50: note: in expansion of macro 'INTC_DEVICE_ID'
  Status = XIntc_Initialize(&InterruptController, INTC_DEVICE_ID);
                                                  ^~~~~~~~~~~~~~
../src/xuartlite_intr.c:74:33: note: each undeclared identifier is reported only once for each function it appears in
 #define INTC_DEVICE_ID          XPAR_INTC_0_DEVICE_ID
                                 ^~~~~~~~~~~~~~~~~~~~~
../src/xuartlite_intr.c:317:50: note: in expansion of macro 'INTC_DEVICE_ID'
  Status = XIntc_Initialize(&InterruptController, INTC_DEVICE_ID);
                                                  ^~~~~~~~~~~~~~
../src/xuartlite_intr.c:334:11: warning: implicit declaration of function 'XIntc_Connect'; did you mean 'XScuGic_Connect'? [-Wimplicit-function-declaration]
  Status = XIntc_Connect(&InterruptController, UARTLITE_INT_IRQ_ID,
           ^~~~~~~~~~~~~
           XScuGic_Connect
../src/xuartlite_intr.c:75:33: error: 'XPAR_INTC_0_UARTLITE_0_VEC_ID' undeclared (first use in this function); did you mean 'XPAR_FABRIC_UARTLITE_0_VEC_ID'?
 #define UARTLITE_INT_IRQ_ID     XPAR_INTC_0_UARTLITE_0_VEC_ID
                                 ^~~~~~~~~~~~~~~~~~~~~~~~~~~~~
../src/xuartlite_intr.c:334:47: note: in expansion of macro 'UARTLITE_INT_IRQ_ID'
  Status = XIntc_Connect(&InterruptController, UARTLITE_INT_IRQ_ID,
                                               ^~~~~~~~~~~~~~~~~~~
../src/xuartlite_intr.c:345:11: warning: implicit declaration of function 'XIntc_Start' [-Wimplicit-function-declaration]
  Status = XIntc_Start(&InterruptController, XIN_REAL_MODE);
           ^~~~~~~~~~~
../src/xuartlite_intr.c:345:45: error: 'XIN_REAL_MODE' undeclared (first use in this function)
  Status = XIntc_Start(&InterruptController, XIN_REAL_MODE);
                                             ^~~~~~~~~~~~~
../src/xuartlite_intr.c:353:2: warning: implicit declaration of function 'XIntc_Enable'; did you mean 'XScuGic_Enable'? [-Wimplicit-function-declaration]
  XIntc_Enable(&InterruptController, UARTLITE_INT_IRQ_ID);
  ^~~~~~~~~~~~
  XScuGic_Enable
../src/xuartlite_intr.c:364:27: error: 'XIntc_InterruptHandler' undeclared (first use in this function); did you mean 'Xil_InterruptHandler'?
     (Xil_ExceptionHandler)XIntc_InterruptHandler,
                           ^~~~~~~~~~~~~~~~~~~~~~
                           Xil_InterruptHandler
make: *** [src/subdir.mk:29: src/xuartlite_intr.o] Error 1
13:36:37 **** Auto Build of configuration Debug for project uart ****
make pre-build main-build 
a9-linaro-pre-build-step
' '
'Building file: ../src/xuartlite_intr.c'
'Invoking: ARM v7 gcc compiler'
arm-none-eabi-gcc -Wall -O0 -g3 -c -fmessage-length=0 -MT"src/xuartlite_intr.o" -mcpu=cortex-a9 -mfpu=vfpv3 -mfloat-abi=hard -I../../uart_bsp/ps7_cortexa9_0/include -MMD -MP -MF"src/xuartlite_intr.d" -MT"src/xuartlite_intr.o" -o "src/xuartlite_intr.o" "../src/xuartlite_intr.c"
../src/xuartlite_intr.c: In function 'SetupInterruptSystem':
../src/xuartlite_intr.c:317:11: warning: implicit declaration of function 'XIntc_Initialize'; did you mean 'XUartLite_Initialize'? [-Wimplicit-function-declaration]
  Status = XIntc_Initialize(&InterruptController, INTC_DEVICE_ID);
           ^~~~~~~~~~~~~~~~
           XUartLite_Initialize
../src/xuartlite_intr.c:74:33: error: 'XPAR_INTC_0_DEVICE_ID' undeclared (first use in this function); did you mean 'XPAR_GPIO_0_DEVICE_ID'?
 #define INTC_DEVICE_ID          XPAR_INTC_0_DEVICE_ID
                                 ^~~~~~~~~~~~~~~~~~~~~
../src/xuartlite_intr.c:317:50: note: in expansion of macro 'INTC_DEVICE_ID'
  Status = XIntc_Initialize(&InterruptController, INTC_DEVICE_ID);
                                                  ^~~~~~~~~~~~~~
../src/xuartlite_intr.c:74:33: note: each undeclared identifier is reported only once for each function it appears in
 #define INTC_DEVICE_ID          XPAR_INTC_0_DEVICE_ID
                                 ^~~~~~~~~~~~~~~~~~~~~
../src/xuartlite_intr.c:317:50: note: in expansion of macro 'INTC_DEVICE_ID'
  Status = XIntc_Initialize(&InterruptController, INTC_DEVICE_ID);
                                                  ^~~~~~~~~~~~~~
../src/xuartlite_intr.c:334:11: warning: implicit declaration of function 'XIntc_Connect'; did you mean 'XScuGic_Connect'? [-Wimplicit-function-declaration]
  Status = XIntc_Connect(&InterruptController, UARTLITE_INT_IRQ_ID,
           ^~~~~~~~~~~~~
           XScuGic_Connect
../src/xuartlite_intr.c:75:33: error: 'XPAR_INTC_0_UARTLITE_0_VEC_ID' undeclared (first use in this function); did you mean 'XPAR_FABRIC_UARTLITE_0_VEC_ID'?
 #define UARTLITE_INT_IRQ_ID     XPAR_INTC_0_UARTLITE_0_VEC_ID
                                 ^~~~~~~~~~~~~~~~~~~~~~~~~~~~~
../src/xuartlite_intr.c:334:47: note: in expansion of macro 'UARTLITE_INT_IRQ_ID'
  Status = XIntc_Connect(&InterruptController, UARTLITE_INT_IRQ_ID,
                                               ^~~~~~~~~~~~~~~~~~~
../src/xuartlite_intr.c:345:11: warning: implicit declaration of function 'XIntc_Start' [-Wimplicit-function-declaration]
  Status = XIntc_Start(&InterruptController, XIN_REAL_MODE);
           ^~~~~~~~~~~
../src/xuartlite_intr.c:345:45: error: 'XIN_REAL_MODE' undeclared (first use in this function)
  Status = XIntc_Start(&InterruptController, XIN_REAL_MODE);
                                             ^~~~~~~~~~~~~
../src/xuartlite_intr.c:353:2: warning: implicit declaration of function 'XIntc_Enable'; did you mean 'XScuGic_Enable'? [-Wimplicit-function-declaration]
  XIntc_Enable(&InterruptController, UARTLITE_INT_IRQ_ID);
  ^~~~~~~~~~~~
  XScuGic_Enable
../src/xuartlite_intr.c:364:27: error: 'XIntc_InterruptHandler' undeclared (first use in this function); did you mean 'Xil_InterruptHandler'?
     (Xil_ExceptionHandler)XIntc_InterruptHandler,
                           ^~~~~~~~~~~~~~~~~~~~~~
                           Xil_InterruptHandler
make: *** [src/subdir.mk:29: src/xuartlite_intr.o] Error 1
13:37:04 **** Auto Build of configuration Debug for project uart ****
make pre-build main-build 
a9-linaro-pre-build-step
' '
'Building file: ../src/xuartlite_intr.c'
'Invoking: ARM v7 gcc compiler'
arm-none-eabi-gcc -Wall -O0 -g3 -c -fmessage-length=0 -MT"src/xuartlite_intr.o" -mcpu=cortex-a9 -mfpu=vfpv3 -mfloat-abi=hard -I../../uart_bsp/ps7_cortexa9_0/include -MMD -MP -MF"src/xuartlite_intr.d" -MT"src/xuartlite_intr.o" -o "src/xuartlite_intr.o" "../src/xuartlite_intr.c"
../src/xuartlite_intr.c: In function 'SetupInterruptSystem':
../src/xuartlite_intr.c:317:11: warning: implicit declaration of function 'XIntc_Initialize'; did you mean 'XUartLite_Initialize'? [-Wimplicit-function-declaration]
  Status = XIntc_Initialize(&InterruptController, INTC_DEVICE_ID);
           ^~~~~~~~~~~~~~~~
           XUartLite_Initialize
../src/xuartlite_intr.c:334:11: warning: implicit declaration of function 'XIntc_Connect'; did you mean 'XScuGic_Connect'? [-Wimplicit-function-declaration]
  Status = XIntc_Connect(&InterruptController, UARTLITE_INT_IRQ_ID,
           ^~~~~~~~~~~~~
           XScuGic_Connect
../src/xuartlite_intr.c:75:33: error: 'XPAR_INTC_0_UARTLITE_0_VEC_ID' undeclared (first use in this function); did you mean 'XPAR_FABRIC_UARTLITE_0_VEC_ID'?
 #define UARTLITE_INT_IRQ_ID     XPAR_INTC_0_UARTLITE_0_VEC_ID
                                 ^~~~~~~~~~~~~~~~~~~~~~~~~~~~~
../src/xuartlite_intr.c:334:47: note: in expansion of macro 'UARTLITE_INT_IRQ_ID'
  Status = XIntc_Connect(&InterruptController, UARTLITE_INT_IRQ_ID,
                                               ^~~~~~~~~~~~~~~~~~~
../src/xuartlite_intr.c:75:33: note: each undeclared identifier is reported only once for each function it appears in
 #define UARTLITE_INT_IRQ_ID     XPAR_INTC_0_UARTLITE_0_VEC_ID
                                 ^~~~~~~~~~~~~~~~~~~~~~~~~~~~~
../src/xuartlite_intr.c:334:47: note: in expansion of macro 'UARTLITE_INT_IRQ_ID'
  Status = XIntc_Connect(&InterruptController, UARTLITE_INT_IRQ_ID,
                                               ^~~~~~~~~~~~~~~~~~~
../src/xuartlite_intr.c:345:11: warning: implicit declaration of function 'XIntc_Start' [-Wimplicit-function-declaration]
  Status = XIntc_Start(&InterruptController, XIN_REAL_MODE);
           ^~~~~~~~~~~
../src/xuartlite_intr.c:345:45: error: 'XIN_REAL_MODE' undeclared (first use in this function)
  Status = XIntc_Start(&InterruptController, XIN_REAL_MODE);
                                             ^~~~~~~~~~~~~
../src/xuartlite_intr.c:353:2: warning: implicit declaration of function 'XIntc_Enable'; did you mean 'XScuGic_Enable'? [-Wimplicit-function-declaration]
  XIntc_Enable(&InterruptController, UARTLITE_INT_IRQ_ID);
  ^~~~~~~~~~~~
  XScuGic_Enable
../src/xuartlite_intr.c:364:27: error: 'XIntc_InterruptHandler' undeclared (first use in this function); did you mean 'Xil_InterruptHandler'?
     (Xil_ExceptionHandler)XIntc_InterruptHandler,
                           ^~~~~~~~~~~~~~~~~~~~~~
                           Xil_InterruptHandler
make: *** [src/subdir.mk:29: src/xuartlite_intr.o] Error 1
13:39:55 **** Auto Build of configuration Debug for project uart ****
make pre-build main-build 
a9-linaro-pre-build-step
' '
'Building file: ../src/xuartlite_intr.c'
'Invoking: ARM v7 gcc compiler'
arm-none-eabi-gcc -Wall -O0 -g3 -c -fmessage-length=0 -MT"src/xuartlite_intr.o" -mcpu=cortex-a9 -mfpu=vfpv3 -mfloat-abi=hard -I../../uart_bsp/ps7_cortexa9_0/include -MMD -MP -MF"src/xuartlite_intr.d" -MT"src/xuartlite_intr.o" -o "src/xuartlite_intr.o" "../src/xuartlite_intr.c"
../src/xuartlite_intr.c: In function 'SetupInterruptSystem':
../src/xuartlite_intr.c:317:11: warning: implicit declaration of function 'XIntc_Initialize'; did you mean 'XUartLite_Initialize'? [-Wimplicit-function-declaration]
  Status = XIntc_Initialize(&InterruptController, INTC_DEVICE_ID);
           ^~~~~~~~~~~~~~~~
           XUartLite_Initialize
../src/xuartlite_intr.c:334:11: warning: implicit declaration of function 'XIntc_Connect'; did you mean 'XScuGic_Connect'? [-Wimplicit-function-declaration]
  Status = XIntc_Connect(&InterruptController, UARTLITE_INT_IRQ_ID,
           ^~~~~~~~~~~~~
           XScuGic_Connect
../src/xuartlite_intr.c:345:11: warning: implicit declaration of function 'XIntc_Start' [-Wimplicit-function-declaration]
  Status = XIntc_Start(&InterruptController, XIN_REAL_MODE);
           ^~~~~~~~~~~
../src/xuartlite_intr.c:345:45: error: 'XIN_REAL_MODE' undeclared (first use in this function)
  Status = XIntc_Start(&InterruptController, XIN_REAL_MODE);
                                             ^~~~~~~~~~~~~
../src/xuartlite_intr.c:345:45: note: each undeclared identifier is reported only once for each function it appears in
../src/xuartlite_intr.c:353:2: warning: implicit declaration of function 'XIntc_Enable'; did you mean 'XScuGic_Enable'? [-Wimplicit-function-declaration]
  XIntc_Enable(&InterruptController, UARTLITE_INT_IRQ_ID);
  ^~~~~~~~~~~~
  XScuGic_Enable
../src/xuartlite_intr.c:364:27: error: 'XIntc_InterruptHandler' undeclared (first use in this function); did you mean 'Xil_InterruptHandler'?
     (Xil_ExceptionHandler)XIntc_InterruptHandler,
                           ^~~~~~~~~~~~~~~~~~~~~~
                           Xil_InterruptHandler
make: *** [src/subdir.mk:29: src/xuartlite_intr.o] Error 1
13:43:53 **** Auto Build of configuration Debug for project uart ****
make pre-build main-build 
a9-linaro-pre-build-step
' '
'Building file: ../src/xuartlite_intr.c'
'Invoking: ARM v7 gcc compiler'
arm-none-eabi-gcc -Wall -O0 -g3 -c -fmessage-length=0 -MT"src/xuartlite_intr.o" -mcpu=cortex-a9 -mfpu=vfpv3 -mfloat-abi=hard -I../../uart_bsp/ps7_cortexa9_0/include -MMD -MP -MF"src/xuartlite_intr.d" -MT"src/xuartlite_intr.o" -o "src/xuartlite_intr.o" "../src/xuartlite_intr.c"
../src/xuartlite_intr.c:310:5: error: conflicting types for 'SetupInterruptSystem'
 int SetupInterruptSystem(XScuGic *intc,XUartLite *UartLitePtr)
     ^~~~~~~~~~~~~~~~~~~~
../src/xuartlite_intr.c:96:5: note: previous declaration of 'SetupInterruptSystem' was here
 int SetupInterruptSystem(XUartLite *UartLitePtr);
     ^~~~~~~~~~~~~~~~~~~~
../src/xuartlite_intr.c: In function 'SetupInterruptSystem':
../src/xuartlite_intr.c:318:2: error: 'status' undeclared (first use in this function); did you mean 'Status'?
  status = XScuGic_CfgInitialize(intc, intc_cfg,
  ^~~~~~
  Status
../src/xuartlite_intr.c:318:2: note: each undeclared identifier is reported only once for each function it appears in
../src/xuartlite_intr.c:331:28: error: 'UART_INT_IRQ_ID' undeclared (first use in this function); did you mean 'UARTLITE_INT_IRQ_ID'?
      XScuGic_Connect(intc, UART_INT_IRQ_ID,
                            ^~~~~~~~~~~~~~~
                            UARTLITE_INT_IRQ_ID
../src/xuartlite_intr.c:332:37: error: 'uart_intr_handler' undeclared (first use in this function); did you mean 'uart_handler'?
              (Xil_ExceptionHandler) uart_intr_handler,(void *) uart_ps);
                                     ^~~~~~~~~~~~~~~~~
                                     uart_handler
../src/xuartlite_intr.c:332:64: error: 'uart_ps' undeclared (first use in this function)
              (Xil_ExceptionHandler) uart_intr_handler,(void *) uart_ps);
                                                                ^~~~~~~
../src/xuartlite_intr.c:334:6: warning: implicit declaration of function 'XUartPs_SetInterruptMask'; did you mean 'XUartLite_InterruptHandler'? [-Wimplicit-function-declaration]
      XUartPs_SetInterruptMask(uart_ps, XUARTPS_IXR_RXOVR);
      ^~~~~~~~~~~~~~~~~~~~~~~~
      XUartLite_InterruptHandler
../src/xuartlite_intr.c:334:40: error: 'XUARTPS_IXR_RXOVR' undeclared (first use in this function)
      XUartPs_SetInterruptMask(uart_ps, XUARTPS_IXR_RXOVR);
                                        ^~~~~~~~~~~~~~~~~
../src/xuartlite_intr.c:343:11: warning: implicit declaration of function 'XIntc_Initialize'; did you mean 'XUartLite_Initialize'? [-Wimplicit-function-declaration]
  Status = XIntc_Initialize(&InterruptController, INTC_DEVICE_ID);
           ^~~~~~~~~~~~~~~~
           XUartLite_Initialize
../src/xuartlite_intr.c:360:11: warning: implicit declaration of function 'XIntc_Connect'; did you mean 'XScuGic_Connect'? [-Wimplicit-function-declaration]
  Status = XIntc_Connect(&InterruptController, UARTLITE_INT_IRQ_ID,
           ^~~~~~~~~~~~~
           XScuGic_Connect
../src/xuartlite_intr.c:371:11: warning: implicit declaration of function 'XIntc_Start' [-Wimplicit-function-declaration]
  Status = XIntc_Start(&InterruptController, XIN_REAL_MODE);
           ^~~~~~~~~~~
../src/xuartlite_intr.c:371:45: error: 'XIN_REAL_MODE' undeclared (first use in this function)
  Status = XIntc_Start(&InterruptController, XIN_REAL_MODE);
                                             ^~~~~~~~~~~~~
../src/xuartlite_intr.c:379:2: warning: implicit declaration of function 'XIntc_Enable'; did you mean 'XScuGic_Enable'? [-Wimplicit-function-declaration]
  XIntc_Enable(&InterruptController, UARTLITE_INT_IRQ_ID);
  ^~~~~~~~~~~~
  XScuGic_Enable
../src/xuartlite_intr.c:390:27: error: 'XIntc_InterruptHandler' undeclared (first use in this function); did you mean 'Xil_InterruptHandler'?
     (Xil_ExceptionHandler)XIntc_InterruptHandler,
                           ^~~~~~~~~~~~~~~~~~~~~~
                           Xil_InterruptHandler
make: *** [src/subdir.mk:29: src/xuartlite_intr.o] Error 1
13:44:05 **** Auto Build of configuration Debug for project uart ****
make pre-build main-build 
a9-linaro-pre-build-step
' '
'Building file: ../src/xuartlite_intr.c'
'Invoking: ARM v7 gcc compiler'
arm-none-eabi-gcc -Wall -O0 -g3 -c -fmessage-length=0 -MT"src/xuartlite_intr.o" -mcpu=cortex-a9 -mfpu=vfpv3 -mfloat-abi=hard -I../../uart_bsp/ps7_cortexa9_0/include -MMD -MP -MF"src/xuartlite_intr.d" -MT"src/xuartlite_intr.o" -o "src/xuartlite_intr.o" "../src/xuartlite_intr.c"
../src/xuartlite_intr.c:310:5: error: conflicting types for 'SetupInterruptSystem'
 int SetupInterruptSystem(XScuGic *intc,XUartLite *UartLitePtr)
     ^~~~~~~~~~~~~~~~~~~~
../src/xuartlite_intr.c:96:5: note: previous declaration of 'SetupInterruptSystem' was here
 int SetupInterruptSystem(XUartLite *UartLitePtr);
     ^~~~~~~~~~~~~~~~~~~~
../src/xuartlite_intr.c: In function 'SetupInterruptSystem':
../src/xuartlite_intr.c:331:28: error: 'UART_INT_IRQ_ID' undeclared (first use in this function); did you mean 'UARTLITE_INT_IRQ_ID'?
      XScuGic_Connect(intc, UART_INT_IRQ_ID,
                            ^~~~~~~~~~~~~~~
                            UARTLITE_INT_IRQ_ID
../src/xuartlite_intr.c:331:28: note: each undeclared identifier is reported only once for each function it appears in
../src/xuartlite_intr.c:332:37: error: 'uart_intr_handler' undeclared (first use in this function); did you mean 'uart_handler'?
              (Xil_ExceptionHandler) uart_intr_handler,(void *) uart_ps);
                                     ^~~~~~~~~~~~~~~~~
                                     uart_handler
../src/xuartlite_intr.c:332:64: error: 'uart_ps' undeclared (first use in this function)
              (Xil_ExceptionHandler) uart_intr_handler,(void *) uart_ps);
                                                                ^~~~~~~
../src/xuartlite_intr.c:334:6: warning: implicit declaration of function 'XUartPs_SetInterruptMask'; did you mean 'XUartLite_InterruptHandler'? [-Wimplicit-function-declaration]
      XUartPs_SetInterruptMask(uart_ps, XUARTPS_IXR_RXOVR);
      ^~~~~~~~~~~~~~~~~~~~~~~~
      XUartLite_InterruptHandler
../src/xuartlite_intr.c:334:40: error: 'XUARTPS_IXR_RXOVR' undeclared (first use in this function)
      XUartPs_SetInterruptMask(uart_ps, XUARTPS_IXR_RXOVR);
                                        ^~~~~~~~~~~~~~~~~
../src/xuartlite_intr.c:343:2: error: 'Status' undeclared (first use in this function); did you mean 'status'?
  Status = XIntc_Initialize(&InterruptController, INTC_DEVICE_ID);
  ^~~~~~
  status
../src/xuartlite_intr.c:343:11: warning: implicit declaration of function 'XIntc_Initialize'; did you mean 'XUartLite_Initialize'? [-Wimplicit-function-declaration]
  Status = XIntc_Initialize(&InterruptController, INTC_DEVICE_ID);
           ^~~~~~~~~~~~~~~~
           XUartLite_Initialize
../src/xuartlite_intr.c:360:11: warning: implicit declaration of function 'XIntc_Connect'; did you mean 'XScuGic_Connect'? [-Wimplicit-function-declaration]
  Status = XIntc_Connect(&InterruptController, UARTLITE_INT_IRQ_ID,
           ^~~~~~~~~~~~~
           XScuGic_Connect
../src/xuartlite_intr.c:371:11: warning: implicit declaration of function 'XIntc_Start' [-Wimplicit-function-declaration]
  Status = XIntc_Start(&InterruptController, XIN_REAL_MODE);
           ^~~~~~~~~~~
../src/xuartlite_intr.c:371:45: error: 'XIN_REAL_MODE' undeclared (first use in this function)
  Status = XIntc_Start(&InterruptController, XIN_REAL_MODE);
                                             ^~~~~~~~~~~~~
../src/xuartlite_intr.c:379:2: warning: implicit declaration of function 'XIntc_Enable'; did you mean 'XScuGic_Enable'? [-Wimplicit-function-declaration]
  XIntc_Enable(&InterruptController, UARTLITE_INT_IRQ_ID);
  ^~~~~~~~~~~~
  XScuGic_Enable
../src/xuartlite_intr.c:390:27: error: 'XIntc_InterruptHandler' undeclared (first use in this function); did you mean 'Xil_InterruptHandler'?
     (Xil_ExceptionHandler)XIntc_InterruptHandler,
                           ^~~~~~~~~~~~~~~~~~~~~~
                           Xil_InterruptHandler
make: *** [src/subdir.mk:29: src/xuartlite_intr.o] Error 1
13:44:21 **** Auto Build of configuration Debug for project uart ****
make pre-build main-build 
a9-linaro-pre-build-step
' '
'Building file: ../src/xuartlite_intr.c'
'Invoking: ARM v7 gcc compiler'
arm-none-eabi-gcc -Wall -O0 -g3 -c -fmessage-length=0 -MT"src/xuartlite_intr.o" -mcpu=cortex-a9 -mfpu=vfpv3 -mfloat-abi=hard -I../../uart_bsp/ps7_cortexa9_0/include -MMD -MP -MF"src/xuartlite_intr.d" -MT"src/xuartlite_intr.o" -o "src/xuartlite_intr.o" "../src/xuartlite_intr.c"
../src/xuartlite_intr.c: In function 'UartLiteIntr':
../src/xuartlite_intr.c:181:32: warning: passing argument 1 of 'SetupInterruptSystem' from incompatible pointer type [-Wincompatible-pointer-types]
  Status = SetupInterruptSystem(&UartLite);
                                ^~~~~~~~~
../src/xuartlite_intr.c:96:35: note: expected 'XScuGic *' {aka 'struct <anonymous> *'} but argument is of type 'XUartLite *' {aka 'struct <anonymous> *'}
 int SetupInterruptSystem(XScuGic *intc,XUartLite *UartLitePtr);
                          ~~~~~~~~~^~~~
../src/xuartlite_intr.c:181:11: error: too few arguments to function 'SetupInterruptSystem'
  Status = SetupInterruptSystem(&UartLite);
           ^~~~~~~~~~~~~~~~~~~~
../src/xuartlite_intr.c:96:5: note: declared here
 int SetupInterruptSystem(XScuGic *intc,XUartLite *UartLitePtr);
     ^~~~~~~~~~~~~~~~~~~~
../src/xuartlite_intr.c: In function 'SetupInterruptSystem':
../src/xuartlite_intr.c:331:28: error: 'UART_INT_IRQ_ID' undeclared (first use in this function); did you mean 'UARTLITE_INT_IRQ_ID'?
      XScuGic_Connect(intc, UART_INT_IRQ_ID,
                            ^~~~~~~~~~~~~~~
                            UARTLITE_INT_IRQ_ID
../src/xuartlite_intr.c:331:28: note: each undeclared identifier is reported only once for each function it appears in
../src/xuartlite_intr.c:332:37: error: 'uart_intr_handler' undeclared (first use in this function); did you mean 'uart_handler'?
              (Xil_ExceptionHandler) uart_intr_handler,(void *) uart_ps);
                                     ^~~~~~~~~~~~~~~~~
                                     uart_handler
../src/xuartlite_intr.c:332:64: error: 'uart_ps' undeclared (first use in this function)
              (Xil_ExceptionHandler) uart_intr_handler,(void *) uart_ps);
                                                                ^~~~~~~
../src/xuartlite_intr.c:334:6: warning: implicit declaration of function 'XUartPs_SetInterruptMask'; did you mean 'XUartLite_InterruptHandler'? [-Wimplicit-function-declaration]
      XUartPs_SetInterruptMask(uart_ps, XUARTPS_IXR_RXOVR);
      ^~~~~~~~~~~~~~~~~~~~~~~~
      XUartLite_InterruptHandler
../src/xuartlite_intr.c:334:40: error: 'XUARTPS_IXR_RXOVR' undeclared (first use in this function)
      XUartPs_SetInterruptMask(uart_ps, XUARTPS_IXR_RXOVR);
                                        ^~~~~~~~~~~~~~~~~
../src/xuartlite_intr.c:343:2: error: 'Status' undeclared (first use in this function); did you mean 'status'?
  Status = XIntc_Initialize(&InterruptController, INTC_DEVICE_ID);
  ^~~~~~
  status
../src/xuartlite_intr.c:343:11: warning: implicit declaration of function 'XIntc_Initialize'; did you mean 'XUartLite_Initialize'? [-Wimplicit-function-declaration]
  Status = XIntc_Initialize(&InterruptController, INTC_DEVICE_ID);
           ^~~~~~~~~~~~~~~~
           XUartLite_Initialize
../src/xuartlite_intr.c:360:11: warning: implicit declaration of function 'XIntc_Connect'; did you mean 'XScuGic_Connect'? [-Wimplicit-function-declaration]
  Status = XIntc_Connect(&InterruptController, UARTLITE_INT_IRQ_ID,
           ^~~~~~~~~~~~~
           XScuGic_Connect
../src/xuartlite_intr.c:371:11: warning: implicit declaration of function 'XIntc_Start' [-Wimplicit-function-declaration]
  Status = XIntc_Start(&InterruptController, XIN_REAL_MODE);
           ^~~~~~~~~~~
../src/xuartlite_intr.c:371:45: error: 'XIN_REAL_MODE' undeclared (first use in this function)
  Status = XIntc_Start(&InterruptController, XIN_REAL_MODE);
                                             ^~~~~~~~~~~~~
../src/xuartlite_intr.c:379:2: warning: implicit declaration of function 'XIntc_Enable'; did you mean 'XScuGic_Enable'? [-Wimplicit-function-declaration]
  XIntc_Enable(&InterruptController, UARTLITE_INT_IRQ_ID);
  ^~~~~~~~~~~~
  XScuGic_Enable
../src/xuartlite_intr.c:390:27: error: 'XIntc_InterruptHandler' undeclared (first use in this function); did you mean 'Xil_InterruptHandler'?
     (Xil_ExceptionHandler)XIntc_InterruptHandler,
                           ^~~~~~~~~~~~~~~~~~~~~~
                           Xil_InterruptHandler
make: *** [src/subdir.mk:29: src/xuartlite_intr.o] Error 1
13:45:22 **** Auto Build of configuration Debug for project uart ****
make pre-build main-build 
a9-linaro-pre-build-step
' '
'Building file: ../src/xuartlite_intr.c'
'Invoking: ARM v7 gcc compiler'
arm-none-eabi-gcc -Wall -O0 -g3 -c -fmessage-length=0 -MT"src/xuartlite_intr.o" -mcpu=cortex-a9 -mfpu=vfpv3 -mfloat-abi=hard -I../../uart_bsp/ps7_cortexa9_0/include -MMD -MP -MF"src/xuartlite_intr.d" -MT"src/xuartlite_intr.o" -o "src/xuartlite_intr.o" "../src/xuartlite_intr.c"
../src/xuartlite_intr.c: In function 'UartLiteIntr':
../src/xuartlite_intr.c:181:32: warning: passing argument 1 of 'SetupInterruptSystem' from incompatible pointer type [-Wincompatible-pointer-types]
  Status = SetupInterruptSystem(&UartLite);
                                ^~~~~~~~~
../src/xuartlite_intr.c:96:35: note: expected 'XScuGic *' {aka 'struct <anonymous> *'} but argument is of type 'XUartLite *' {aka 'struct <anonymous> *'}
 int SetupInterruptSystem(XScuGic *intc,XUartLite *UartLitePtr);
                          ~~~~~~~~~^~~~
../src/xuartlite_intr.c:181:11: error: too few arguments to function 'SetupInterruptSystem'
  Status = SetupInterruptSystem(&UartLite);
           ^~~~~~~~~~~~~~~~~~~~
../src/xuartlite_intr.c:96:5: note: declared here
 int SetupInterruptSystem(XScuGic *intc,XUartLite *UartLitePtr);
     ^~~~~~~~~~~~~~~~~~~~
../src/xuartlite_intr.c: In function 'SetupInterruptSystem':
../src/xuartlite_intr.c:331:24: error: 'UART_INT_IRQ_ID' undeclared (first use in this function); did you mean 'UARTLITE_INT_IRQ_ID'?
  XScuGic_Connect(intc, UART_INT_IRQ_ID,
                        ^~~~~~~~~~~~~~~
                        UARTLITE_INT_IRQ_ID
../src/xuartlite_intr.c:331:24: note: each undeclared identifier is reported only once for each function it appears in
../src/xuartlite_intr.c:332:27: error: 'uart_intr_handler' undeclared (first use in this function); did you mean 'uart_handler'?
    (Xil_ExceptionHandler) uart_intr_handler,(void *) uart_ps);
                           ^~~~~~~~~~~~~~~~~
                           uart_handler
../src/xuartlite_intr.c:332:54: error: 'uart_ps' undeclared (first use in this function)
    (Xil_ExceptionHandler) uart_intr_handler,(void *) uart_ps);
                                                      ^~~~~~~
../src/xuartlite_intr.c:334:2: warning: implicit declaration of function 'XUartPs_SetInterruptMask'; did you mean 'XUartLite_InterruptHandler'? [-Wimplicit-function-declaration]
  XUartPs_SetInterruptMask(uart_ps, XUARTPS_IXR_RXOVR);
  ^~~~~~~~~~~~~~~~~~~~~~~~
  XUartLite_InterruptHandler
../src/xuartlite_intr.c:334:36: error: 'XUARTPS_IXR_RXOVR' undeclared (first use in this function)
  XUartPs_SetInterruptMask(uart_ps, XUARTPS_IXR_RXOVR);
                                    ^~~~~~~~~~~~~~~~~
make: *** [src/subdir.mk:29: src/xuartlite_intr.o] Error 1
13:47:00 **** Auto Build of configuration Debug for project uart ****
make pre-build main-build 
a9-linaro-pre-build-step
' '
'Building file: ../src/xuartlite_intr.c'
'Invoking: ARM v7 gcc compiler'
arm-none-eabi-gcc -Wall -O0 -g3 -c -fmessage-length=0 -MT"src/xuartlite_intr.o" -mcpu=cortex-a9 -mfpu=vfpv3 -mfloat-abi=hard -I../../uart_bsp/ps7_cortexa9_0/include -MMD -MP -MF"src/xuartlite_intr.d" -MT"src/xuartlite_intr.o" -o "src/xuartlite_intr.o" "../src/xuartlite_intr.c"
../src/xuartlite_intr.c: In function 'UartLiteIntr':
../src/xuartlite_intr.c:181:32: warning: passing argument 1 of 'SetupInterruptSystem' from incompatible pointer type [-Wincompatible-pointer-types]
  Status = SetupInterruptSystem(&UartLite);
                                ^~~~~~~~~
../src/xuartlite_intr.c:96:35: note: expected 'XScuGic *' {aka 'struct <anonymous> *'} but argument is of type 'XUartLite *' {aka 'struct <anonymous> *'}
 int SetupInterruptSystem(XScuGic *intc,XUartLite *UartLitePtr);
                          ~~~~~~~~~^~~~
../src/xuartlite_intr.c:181:11: error: too few arguments to function 'SetupInterruptSystem'
  Status = SetupInterruptSystem(&UartLite);
           ^~~~~~~~~~~~~~~~~~~~
../src/xuartlite_intr.c:96:5: note: declared here
 int SetupInterruptSystem(XScuGic *intc,XUartLite *UartLitePtr);
     ^~~~~~~~~~~~~~~~~~~~
../src/xuartlite_intr.c: In function 'SetupInterruptSystem':
../src/xuartlite_intr.c:331:24: error: 'UART_INT_IRQ_ID' undeclared (first use in this function); did you mean 'UARTLITE_INT_IRQ_ID'?
  XScuGic_Connect(intc, UART_INT_IRQ_ID,
                        ^~~~~~~~~~~~~~~
                        UARTLITE_INT_IRQ_ID
../src/xuartlite_intr.c:331:24: note: each undeclared identifier is reported only once for each function it appears in
../src/xuartlite_intr.c:332:27: error: 'uart_intr_handler' undeclared (first use in this function); did you mean 'uart_handler'?
    (Xil_ExceptionHandler) uart_intr_handler,(void *) uart_ps);
                           ^~~~~~~~~~~~~~~~~
                           uart_handler
../src/xuartlite_intr.c:332:54: error: 'uart_ps' undeclared (first use in this function)
    (Xil_ExceptionHandler) uart_intr_handler,(void *) uart_ps);
                                                      ^~~~~~~
../src/xuartlite_intr.c:334:2: warning: implicit declaration of function 'XUartPs_SetInterruptMask'; did you mean 'XUartLite_InterruptHandler'? [-Wimplicit-function-declaration]
  XUartPs_SetInterruptMask(uart_ps, XUARTPS_IXR_RXOVR);
  ^~~~~~~~~~~~~~~~~~~~~~~~
  XUartLite_InterruptHandler
../src/xuartlite_intr.c:334:36: error: 'XUARTPS_IXR_RXOVR' undeclared (first use in this function)
  XUartPs_SetInterruptMask(uart_ps, XUARTPS_IXR_RXOVR);
                                    ^~~~~~~~~~~~~~~~~
make: *** [src/subdir.mk:29: src/xuartlite_intr.o] Error 1
13:47:29 **** Auto Build of configuration Debug for project uart ****
make pre-build main-build 
a9-linaro-pre-build-step
' '
'Building file: ../src/xuartlite_intr.c'
'Invoking: ARM v7 gcc compiler'
arm-none-eabi-gcc -Wall -O0 -g3 -c -fmessage-length=0 -MT"src/xuartlite_intr.o" -mcpu=cortex-a9 -mfpu=vfpv3 -mfloat-abi=hard -I../../uart_bsp/ps7_cortexa9_0/include -MMD -MP -MF"src/xuartlite_intr.d" -MT"src/xuartlite_intr.o" -o "src/xuartlite_intr.o" "../src/xuartlite_intr.c"
../src/xuartlite_intr.c: In function 'UartLiteIntr':
../src/xuartlite_intr.c:181:32: warning: passing argument 1 of 'SetupInterruptSystem' from incompatible pointer type [-Wincompatible-pointer-types]
  Status = SetupInterruptSystem(&UartLite);
                                ^~~~~~~~~
../src/xuartlite_intr.c:96:35: note: expected 'XScuGic *' {aka 'struct <anonymous> *'} but argument is of type 'XUartLite *' {aka 'struct <anonymous> *'}
 int SetupInterruptSystem(XScuGic *intc,XUartLite *UartLitePtr);
                          ~~~~~~~~~^~~~
../src/xuartlite_intr.c:181:11: error: too few arguments to function 'SetupInterruptSystem'
  Status = SetupInterruptSystem(&UartLite);
           ^~~~~~~~~~~~~~~~~~~~
../src/xuartlite_intr.c:96:5: note: declared here
 int SetupInterruptSystem(XScuGic *intc,XUartLite *UartLitePtr);
     ^~~~~~~~~~~~~~~~~~~~
../src/xuartlite_intr.c: In function 'SetupInterruptSystem':
../src/xuartlite_intr.c:332:27: error: 'uart_intr_handler' undeclared (first use in this function); did you mean 'uart_handler'?
    (Xil_ExceptionHandler) uart_intr_handler,(void *) uart_ps);
                           ^~~~~~~~~~~~~~~~~
                           uart_handler
../src/xuartlite_intr.c:332:27: note: each undeclared identifier is reported only once for each function it appears in
../src/xuartlite_intr.c:332:54: error: 'uart_ps' undeclared (first use in this function)
    (Xil_ExceptionHandler) uart_intr_handler,(void *) uart_ps);
                                                      ^~~~~~~
../src/xuartlite_intr.c:334:2: warning: implicit declaration of function 'XUartPs_SetInterruptMask'; did you mean 'XUartLite_InterruptHandler'? [-Wimplicit-function-declaration]
  XUartPs_SetInterruptMask(uart_ps, XUARTPS_IXR_RXOVR);
  ^~~~~~~~~~~~~~~~~~~~~~~~
  XUartLite_InterruptHandler
../src/xuartlite_intr.c:334:36: error: 'XUARTPS_IXR_RXOVR' undeclared (first use in this function)
  XUartPs_SetInterruptMask(uart_ps, XUARTPS_IXR_RXOVR);
                                    ^~~~~~~~~~~~~~~~~
../src/xuartlite_intr.c:336:23: error: 'UART_INT_IRQ_ID' undeclared (first use in this function); did you mean 'UARTLITE_INT_IRQ_ID'?
  XScuGic_Enable(intc, UART_INT_IRQ_ID);
                       ^~~~~~~~~~~~~~~
                       UARTLITE_INT_IRQ_ID
make: *** [src/subdir.mk:29: src/xuartlite_intr.o] Error 1
13:47:49 **** Auto Build of configuration Debug for project uart ****
make pre-build main-build 
a9-linaro-pre-build-step
' '
'Building file: ../src/xuartlite_intr.c'
'Invoking: ARM v7 gcc compiler'
arm-none-eabi-gcc -Wall -O0 -g3 -c -fmessage-length=0 -MT"src/xuartlite_intr.o" -mcpu=cortex-a9 -mfpu=vfpv3 -mfloat-abi=hard -I../../uart_bsp/ps7_cortexa9_0/include -MMD -MP -MF"src/xuartlite_intr.d" -MT"src/xuartlite_intr.o" -o "src/xuartlite_intr.o" "../src/xuartlite_intr.c"
../src/xuartlite_intr.c: In function 'UartLiteIntr':
../src/xuartlite_intr.c:181:32: warning: passing argument 1 of 'SetupInterruptSystem' from incompatible pointer type [-Wincompatible-pointer-types]
  Status = SetupInterruptSystem(&UartLite);
                                ^~~~~~~~~
../src/xuartlite_intr.c:96:35: note: expected 'XScuGic *' {aka 'struct <anonymous> *'} but argument is of type 'XUartLite *' {aka 'struct <anonymous> *'}
 int SetupInterruptSystem(XScuGic *intc,XUartLite *UartLitePtr);
                          ~~~~~~~~~^~~~
../src/xuartlite_intr.c:181:11: error: too few arguments to function 'SetupInterruptSystem'
  Status = SetupInterruptSystem(&UartLite);
           ^~~~~~~~~~~~~~~~~~~~
../src/xuartlite_intr.c:96:5: note: declared here
 int SetupInterruptSystem(XScuGic *intc,XUartLite *UartLitePtr);
     ^~~~~~~~~~~~~~~~~~~~
../src/xuartlite_intr.c: In function 'SetupInterruptSystem':
../src/xuartlite_intr.c:332:49: error: 'uart_ps' undeclared (first use in this function)
    (Xil_ExceptionHandler) uart_handler,(void *) uart_ps);
                                                 ^~~~~~~
../src/xuartlite_intr.c:332:49: note: each undeclared identifier is reported only once for each function it appears in
../src/xuartlite_intr.c:334:2: warning: implicit declaration of function 'XUartPs_SetInterruptMask'; did you mean 'XUartLite_InterruptHandler'? [-Wimplicit-function-declaration]
  XUartPs_SetInterruptMask(uart_ps, XUARTPS_IXR_RXOVR);
  ^~~~~~~~~~~~~~~~~~~~~~~~
  XUartLite_InterruptHandler
../src/xuartlite_intr.c:334:36: error: 'XUARTPS_IXR_RXOVR' undeclared (first use in this function)
  XUartPs_SetInterruptMask(uart_ps, XUARTPS_IXR_RXOVR);
                                    ^~~~~~~~~~~~~~~~~
../src/xuartlite_intr.c:336:23: error: 'UART_INT_IRQ_ID' undeclared (first use in this function); did you mean 'UARTLITE_INT_IRQ_ID'?
  XScuGic_Enable(intc, UART_INT_IRQ_ID);
                       ^~~~~~~~~~~~~~~
                       UARTLITE_INT_IRQ_ID
make: *** [src/subdir.mk:29: src/xuartlite_intr.o] Error 1
13:48:13 **** Auto Build of configuration Debug for project uart ****
make pre-build main-build 
a9-linaro-pre-build-step
' '
'Building file: ../src/xuartlite_intr.c'
'Invoking: ARM v7 gcc compiler'
arm-none-eabi-gcc -Wall -O0 -g3 -c -fmessage-length=0 -MT"src/xuartlite_intr.o" -mcpu=cortex-a9 -mfpu=vfpv3 -mfloat-abi=hard -I../../uart_bsp/ps7_cortexa9_0/include -MMD -MP -MF"src/xuartlite_intr.d" -MT"src/xuartlite_intr.o" -o "src/xuartlite_intr.o" "../src/xuartlite_intr.c"
../src/xuartlite_intr.c: In function 'UartLiteIntr':
../src/xuartlite_intr.c:181:32: warning: passing argument 1 of 'SetupInterruptSystem' from incompatible pointer type [-Wincompatible-pointer-types]
  Status = SetupInterruptSystem(&UartLite);
                                ^~~~~~~~~
../src/xuartlite_intr.c:96:35: note: expected 'XScuGic *' {aka 'struct <anonymous> *'} but argument is of type 'XUartLite *' {aka 'struct <anonymous> *'}
 int SetupInterruptSystem(XScuGic *intc,XUartLite *UartLitePtr);
                          ~~~~~~~~~^~~~
../src/xuartlite_intr.c:181:11: error: too few arguments to function 'SetupInterruptSystem'
  Status = SetupInterruptSystem(&UartLite);
           ^~~~~~~~~~~~~~~~~~~~
../src/xuartlite_intr.c:96:5: note: declared here
 int SetupInterruptSystem(XScuGic *intc,XUartLite *UartLitePtr);
     ^~~~~~~~~~~~~~~~~~~~
../src/xuartlite_intr.c: In function 'SetupInterruptSystem':
../src/xuartlite_intr.c:334:2: warning: implicit declaration of function 'XUartPs_SetInterruptMask'; did you mean 'XUartLite_InterruptHandler'? [-Wimplicit-function-declaration]
  XUartPs_SetInterruptMask(uart_ps, XUARTPS_IXR_RXOVR);
  ^~~~~~~~~~~~~~~~~~~~~~~~
  XUartLite_InterruptHandler
../src/xuartlite_intr.c:334:27: error: 'uart_ps' undeclared (first use in this function)
  XUartPs_SetInterruptMask(uart_ps, XUARTPS_IXR_RXOVR);
                           ^~~~~~~
../src/xuartlite_intr.c:334:27: note: each undeclared identifier is reported only once for each function it appears in
../src/xuartlite_intr.c:334:36: error: 'XUARTPS_IXR_RXOVR' undeclared (first use in this function)
  XUartPs_SetInterruptMask(uart_ps, XUARTPS_IXR_RXOVR);
                                    ^~~~~~~~~~~~~~~~~
../src/xuartlite_intr.c:336:23: error: 'UART_INT_IRQ_ID' undeclared (first use in this function); did you mean 'UARTLITE_INT_IRQ_ID'?
  XScuGic_Enable(intc, UART_INT_IRQ_ID);
                       ^~~~~~~~~~~~~~~
                       UARTLITE_INT_IRQ_ID
make: *** [src/subdir.mk:29: src/xuartlite_intr.o] Error 1
13:49:49 **** Auto Build of configuration Debug for project uart ****
make pre-build main-build 
a9-linaro-pre-build-step
' '
'Building file: ../src/xuartlite_intr.c'
'Invoking: ARM v7 gcc compiler'
arm-none-eabi-gcc -Wall -O0 -g3 -c -fmessage-length=0 -MT"src/xuartlite_intr.o" -mcpu=cortex-a9 -mfpu=vfpv3 -mfloat-abi=hard -I../../uart_bsp/ps7_cortexa9_0/include -MMD -MP -MF"src/xuartlite_intr.d" -MT"src/xuartlite_intr.o" -o "src/xuartlite_intr.o" "../src/xuartlite_intr.c"
../src/xuartlite_intr.c: In function 'UartLiteIntr':
../src/xuartlite_intr.c:181:32: warning: passing argument 1 of 'SetupInterruptSystem' from incompatible pointer type [-Wincompatible-pointer-types]
  Status = SetupInterruptSystem(&UartLite);
                                ^~~~~~~~~
../src/xuartlite_intr.c:96:35: note: expected 'XScuGic *' {aka 'struct <anonymous> *'} but argument is of type 'XUartLite *' {aka 'struct <anonymous> *'}
 int SetupInterruptSystem(XScuGic *intc,XUartLite *UartLitePtr);
                          ~~~~~~~~~^~~~
../src/xuartlite_intr.c:181:11: error: too few arguments to function 'SetupInterruptSystem'
  Status = SetupInterruptSystem(&UartLite);
           ^~~~~~~~~~~~~~~~~~~~
../src/xuartlite_intr.c:96:5: note: declared here
 int SetupInterruptSystem(XScuGic *intc,XUartLite *UartLitePtr);
     ^~~~~~~~~~~~~~~~~~~~
../src/xuartlite_intr.c: In function 'SetupInterruptSystem':
../src/xuartlite_intr.c:334:2: warning: implicit declaration of function 'XUartPs_SetInterruptMask'; did you mean 'XUartLite_InterruptHandler'? [-Wimplicit-function-declaration]
  XUartPs_SetInterruptMask(uart_ps, XUARTPS_IXR_RXOVR);
  ^~~~~~~~~~~~~~~~~~~~~~~~
  XUartLite_InterruptHandler
../src/xuartlite_intr.c:334:27: error: 'uart_ps' undeclared (first use in this function)
  XUartPs_SetInterruptMask(uart_ps, XUARTPS_IXR_RXOVR);
                           ^~~~~~~
../src/xuartlite_intr.c:334:27: note: each undeclared identifier is reported only once for each function it appears in
../src/xuartlite_intr.c:334:36: error: 'XUARTPS_IXR_RXOVR' undeclared (first use in this function)
  XUartPs_SetInterruptMask(uart_ps, XUARTPS_IXR_RXOVR);
                                    ^~~~~~~~~~~~~~~~~
make: *** [src/subdir.mk:29: src/xuartlite_intr.o] Error 1
14:11:15 **** Auto Build of configuration Debug for project uart ****
make pre-build main-build 
a9-linaro-pre-build-step
' '
'Building file: ../src/xuartlite_intr.c'
'Invoking: ARM v7 gcc compiler'
arm-none-eabi-gcc -Wall -O0 -g3 -c -fmessage-length=0 -MT"src/xuartlite_intr.o" -mcpu=cortex-a9 -mfpu=vfpv3 -mfloat-abi=hard -I../../uart_bsp/ps7_cortexa9_0/include -MMD -MP -MF"src/xuartlite_intr.d" -MT"src/xuartlite_intr.o" -o "src/xuartlite_intr.o" "../src/xuartlite_intr.c"
../src/xuartlite_intr.c: In function 'UartLiteIntr':
../src/xuartlite_intr.c:181:32: warning: passing argument 1 of 'SetupInterruptSystem' from incompatible pointer type [-Wincompatible-pointer-types]
  Status = SetupInterruptSystem(&UartLite);
                                ^~~~~~~~~
../src/xuartlite_intr.c:96:35: note: expected 'XScuGic *' {aka 'struct <anonymous> *'} but argument is of type 'XUartLite *' {aka 'struct <anonymous> *'}
 int SetupInterruptSystem(XScuGic *intc,XUartLite *UartLitePtr);
                          ~~~~~~~~~^~~~
../src/xuartlite_intr.c:181:11: error: too few arguments to function 'SetupInterruptSystem'
  Status = SetupInterruptSystem(&UartLite);
           ^~~~~~~~~~~~~~~~~~~~
../src/xuartlite_intr.c:96:5: note: declared here
 int SetupInterruptSystem(XScuGic *intc,XUartLite *UartLitePtr);
     ^~~~~~~~~~~~~~~~~~~~
../src/xuartlite_intr.c: In function 'SetupInterruptSystem':
../src/xuartlite_intr.c:335:39: error: 'XPAR_INTC_0_UARTLITE_0_VEC_ID' undeclared (first use in this function); did you mean 'XPAR_FABRIC_UARTLITE_0_VEC_ID'?
  XScuGic_SetPriorityTriggerType(intc, XPAR_INTC_0_UARTLITE_0_VEC_ID, 0xA0, 0x3);
                                       ^~~~~~~~~~~~~~~~~~~~~~~~~~~~~
                                       XPAR_FABRIC_UARTLITE_0_VEC_ID
../src/xuartlite_intr.c:335:39: note: each undeclared identifier is reported only once for each function it appears in
make: *** [src/subdir.mk:29: src/xuartlite_intr.o] Error 1
14:11:39 **** Auto Build of configuration Debug for project uart ****
make pre-build main-build 
a9-linaro-pre-build-step
' '
'Building file: ../src/xuartlite_intr.c'
'Invoking: ARM v7 gcc compiler'
arm-none-eabi-gcc -Wall -O0 -g3 -c -fmessage-length=0 -MT"src/xuartlite_intr.o" -mcpu=cortex-a9 -mfpu=vfpv3 -mfloat-abi=hard -I../../uart_bsp/ps7_cortexa9_0/include -MMD -MP -MF"src/xuartlite_intr.d" -MT"src/xuartlite_intr.o" -o "src/xuartlite_intr.o" "../src/xuartlite_intr.c"
../src/xuartlite_intr.c: In function 'UartLiteIntr':
../src/xuartlite_intr.c:181:32: warning: passing argument 1 of 'SetupInterruptSystem' from incompatible pointer type [-Wincompatible-pointer-types]
  Status = SetupInterruptSystem(&UartLite);
                                ^~~~~~~~~
../src/xuartlite_intr.c:96:35: note: expected 'XScuGic *' {aka 'struct <anonymous> *'} but argument is of type 'XUartLite *' {aka 'struct <anonymous> *'}
 int SetupInterruptSystem(XScuGic *intc,XUartLite *UartLitePtr);
                          ~~~~~~~~~^~~~
../src/xuartlite_intr.c:181:11: error: too few arguments to function 'SetupInterruptSystem'
  Status = SetupInterruptSystem(&UartLite);
           ^~~~~~~~~~~~~~~~~~~~
../src/xuartlite_intr.c:96:5: note: declared here
 int SetupInterruptSystem(XScuGic *intc,XUartLite *UartLitePtr);
     ^~~~~~~~~~~~~~~~~~~~
make: *** [src/subdir.mk:29: src/xuartlite_intr.o] Error 1
14:12:14 **** Auto Build of configuration Debug for project uart ****
make pre-build main-build 
a9-linaro-pre-build-step
' '
'Building file: ../src/xuartlite_intr.c'
'Invoking: ARM v7 gcc compiler'
arm-none-eabi-gcc -Wall -O0 -g3 -c -fmessage-length=0 -MT"src/xuartlite_intr.o" -mcpu=cortex-a9 -mfpu=vfpv3 -mfloat-abi=hard -I../../uart_bsp/ps7_cortexa9_0/include -MMD -MP -MF"src/xuartlite_intr.d" -MT"src/xuartlite_intr.o" -o "src/xuartlite_intr.o" "../src/xuartlite_intr.c"
'Finished building: ../src/xuartlite_intr.c'
' '
'Building target: uart.elf'
'Invoking: ARM v7 gcc linker'
arm-none-eabi-gcc -mcpu=cortex-a9 -mfpu=vfpv3 -mfloat-abi=hard -Wl,-build-id=none -specs=Xilinx.spec -Wl,-T -Wl,../src/lscript.ld -L../../uart_bsp/ps7_cortexa9_0/lib -o "uart.elf"  ./src/helloworld.o ./src/platform.o ./src/xuartlite_intr.o   -Wl,--start-group,-lxil,-lgcc,-lc,--end-group
'Finished building target: uart.elf'
' '
'Invoking: ARM v7 Print Size'
arm-none-eabi-size uart.elf  |tee "uart.elf.size"
   text	   data	    bss	    dec	    hex	filename
  25620	   1936	  22760	  50316	   c48c	uart.elf
'Finished building: uart.elf.size'
' '
14:16:29 **** Auto Build of configuration Debug for project uart ****
make pre-build main-build 
a9-linaro-pre-build-step
' '
'Building file: ../src/helloworld.c'
'Invoking: ARM v7 gcc compiler'
arm-none-eabi-gcc -Wall -O0 -g3 -c -fmessage-length=0 -MT"src/helloworld.o" -mcpu=cortex-a9 -mfpu=vfpv3 -mfloat-abi=hard -I../../uart_bsp/ps7_cortexa9_0/include -MMD -MP -MF"src/helloworld.d" -MT"src/helloworld.o" -o "src/helloworld.o" "../src/helloworld.c"
'Finished building: ../src/helloworld.c'
' '
'Building target: uart.elf'
'Invoking: ARM v7 gcc linker'
arm-none-eabi-gcc -mcpu=cortex-a9 -mfpu=vfpv3 -mfloat-abi=hard -Wl,-build-id=none -specs=Xilinx.spec -Wl,-T -Wl,../src/lscript.ld -L../../uart_bsp/ps7_cortexa9_0/lib -o "uart.elf"  ./src/helloworld.o ./src/platform.o ./src/xuartlite_intr.o   -Wl,--start-group,-lxil,-lgcc,-lc,--end-group
'Finished building target: uart.elf'
' '
'Invoking: ARM v7 Print Size'
arm-none-eabi-size uart.elf  |tee "uart.elf.size"
   text	   data	    bss	    dec	    hex	filename
  25404	   1936	  22760	  50100	   c3b4	uart.elf
'Finished building: uart.elf.size'
' '
14:17:08 **** Auto Build of configuration Debug for project uart ****
make pre-build main-build 
a9-linaro-pre-build-step
' '
'Building file: ../src/helloworld.c'
'Invoking: ARM v7 gcc compiler'
arm-none-eabi-gcc -Wall -O0 -g3 -c -fmessage-length=0 -MT"src/helloworld.o" -mcpu=cortex-a9 -mfpu=vfpv3 -mfloat-abi=hard -I../../uart_bsp/ps7_cortexa9_0/include -MMD -MP -MF"src/helloworld.d" -MT"src/helloworld.o" -o "src/helloworld.o" "../src/helloworld.c"
'Finished building: ../src/helloworld.c'
' '
'Building target: uart.elf'
'Invoking: ARM v7 gcc linker'
arm-none-eabi-gcc -mcpu=cortex-a9 -mfpu=vfpv3 -mfloat-abi=hard -Wl,-build-id=none -specs=Xilinx.spec -Wl,-T -Wl,../src/lscript.ld -L../../uart_bsp/ps7_cortexa9_0/lib -o "uart.elf"  ./src/helloworld.o ./src/platform.o ./src/xuartlite_intr.o   -Wl,--start-group,-lxil,-lgcc,-lc,--end-group
'Finished building target: uart.elf'
' '
'Invoking: ARM v7 Print Size'
arm-none-eabi-size uart.elf  |tee "uart.elf.size"
   text	   data	    bss	    dec	    hex	filename
  25404	   1936	  22760	  50100	   c3b4	uart.elf
'Finished building: uart.elf.size'
' '
14:18:15 **** Auto Build of configuration Debug for project uart ****
make pre-build main-build 
a9-linaro-pre-build-step
' '
'Building file: ../src/helloworld.c'
'Invoking: ARM v7 gcc compiler'
arm-none-eabi-gcc -Wall -O0 -g3 -c -fmessage-length=0 -MT"src/helloworld.o" -mcpu=cortex-a9 -mfpu=vfpv3 -mfloat-abi=hard -I../../uart_bsp/ps7_cortexa9_0/include -MMD -MP -MF"src/helloworld.d" -MT"src/helloworld.o" -o "src/helloworld.o" "../src/helloworld.c"
../src/helloworld.c: In function 'main':
../src/helloworld.c:57:5: warning: implicit declaration of function 'UartLiteIntr' [-Wimplicit-function-declaration]
     UartLiteIntr(UARTLITE_DEVICE_ID);
     ^~~~~~~~~~~~
../src/helloworld.c:57:18: error: 'UARTLITE_DEVICE_ID' undeclared (first use in this function); did you mean 'UART_DEVICE_ID'?
     UartLiteIntr(UARTLITE_DEVICE_ID);
                  ^~~~~~~~~~~~~~~~~~
                  UART_DEVICE_ID
../src/helloworld.c:57:18: note: each undeclared identifier is reported only once for each function it appears in
make: *** [src/subdir.mk:29: src/helloworld.o] Error 1
14:18:33 **** Auto Build of configuration Debug for project uart ****
make pre-build main-build 
a9-linaro-pre-build-step
' '
'Building file: ../src/helloworld.c'
'Invoking: ARM v7 gcc compiler'
arm-none-eabi-gcc -Wall -O0 -g3 -c -fmessage-length=0 -MT"src/helloworld.o" -mcpu=cortex-a9 -mfpu=vfpv3 -mfloat-abi=hard -I../../uart_bsp/ps7_cortexa9_0/include -MMD -MP -MF"src/helloworld.d" -MT"src/helloworld.o" -o "src/helloworld.o" "../src/helloworld.c"
../src/helloworld.c: In function 'main':
../src/helloworld.c:57:5: warning: implicit declaration of function 'UartLiteIntr' [-Wimplicit-function-declaration]
     UartLiteIntr(UARTLITE_DEVICE_ID);
     ^~~~~~~~~~~~
../src/helloworld.c:57:18: error: 'UARTLITE_DEVICE_ID' undeclared (first use in this function); did you mean 'UART_DEVICE_ID'?
     UartLiteIntr(UARTLITE_DEVICE_ID);
                  ^~~~~~~~~~~~~~~~~~
                  UART_DEVICE_ID
../src/helloworld.c:57:18: note: each undeclared identifier is reported only once for each function it appears in
make: *** [src/subdir.mk:29: src/helloworld.o] Error 1
14:19:03 **** Auto Build of configuration Debug for project uart ****
make pre-build main-build 
a9-linaro-pre-build-step
' '
'Building file: ../src/helloworld.c'
'Invoking: ARM v7 gcc compiler'
arm-none-eabi-gcc -Wall -O0 -g3 -c -fmessage-length=0 -MT"src/helloworld.o" -mcpu=cortex-a9 -mfpu=vfpv3 -mfloat-abi=hard -I../../uart_bsp/ps7_cortexa9_0/include -MMD -MP -MF"src/helloworld.d" -MT"src/helloworld.o" -o "src/helloworld.o" "../src/helloworld.c"
../src/helloworld.c: In function 'main':
../src/helloworld.c:59:5: warning: implicit declaration of function 'UartLiteIntr' [-Wimplicit-function-declaration]
     UartLiteIntr(UARTLITE_DEVICE_ID);
     ^~~~~~~~~~~~
'Finished building: ../src/helloworld.c'
' '
'Building target: uart.elf'
'Invoking: ARM v7 gcc linker'
arm-none-eabi-gcc -mcpu=cortex-a9 -mfpu=vfpv3 -mfloat-abi=hard -Wl,-build-id=none -specs=Xilinx.spec -Wl,-T -Wl,../src/lscript.ld -L../../uart_bsp/ps7_cortexa9_0/lib -o "uart.elf"  ./src/helloworld.o ./src/platform.o ./src/xuartlite_intr.o   -Wl,--start-group,-lxil,-lgcc,-lc,--end-group
'Finished building target: uart.elf'
' '
'Invoking: ARM v7 Print Size'
arm-none-eabi-size uart.elf  |tee "uart.elf.size"
   text	   data	    bss	    dec	    hex	filename
  25412	   1936	  22760	  50108	   c3bc	uart.elf
'Finished building: uart.elf.size'
' '
14:19:27 **** Auto Build of configuration Debug for project uart ****
make pre-build main-build 
a9-linaro-pre-build-step
' '
'Building file: ../src/helloworld.c'
'Invoking: ARM v7 gcc compiler'
arm-none-eabi-gcc -Wall -O0 -g3 -c -fmessage-length=0 -MT"src/helloworld.o" -mcpu=cortex-a9 -mfpu=vfpv3 -mfloat-abi=hard -I../../uart_bsp/ps7_cortexa9_0/include -MMD -MP -MF"src/helloworld.d" -MT"src/helloworld.o" -o "src/helloworld.o" "../src/helloworld.c"
../src/helloworld.c: In function 'main':
../src/helloworld.c:59:5: warning: implicit declaration of function 'UartLiteIntr' [-Wimplicit-function-declaration]
     UartLiteIntr(UARTLITE_DEVICE_ID);
     ^~~~~~~~~~~~
'Finished building: ../src/helloworld.c'
' '
'Building target: uart.elf'
'Invoking: ARM v7 gcc linker'
arm-none-eabi-gcc -mcpu=cortex-a9 -mfpu=vfpv3 -mfloat-abi=hard -Wl,-build-id=none -specs=Xilinx.spec -Wl,-T -Wl,../src/lscript.ld -L../../uart_bsp/ps7_cortexa9_0/lib -o "uart.elf"  ./src/helloworld.o ./src/platform.o ./src/xuartlite_intr.o   -Wl,--start-group,-lxil,-lgcc,-lc,--end-group
'Finished building target: uart.elf'
' '
'Invoking: ARM v7 Print Size'
arm-none-eabi-size uart.elf  |tee "uart.elf.size"
   text	   data	    bss	    dec	    hex	filename
  25412	   1936	  22760	  50108	   c3bc	uart.elf
'Finished building: uart.elf.size'
' '
14:25:33 **** Auto Build of configuration Debug for project uart ****
make pre-build main-build 
a9-linaro-pre-build-step
' '
'Building file: ../src/uartps_intr.c'
'Invoking: ARM v7 gcc compiler'
arm-none-eabi-gcc -Wall -O0 -g3 -c -fmessage-length=0 -MT"src/uartps_intr.o" -mcpu=cortex-a9 -mfpu=vfpv3 -mfloat-abi=hard -I../../uart_bsp/ps7_cortexa9_0/include -MMD -MP -MF"src/uartps_intr.d" -MT"src/uartps_intr.o" -o "src/uartps_intr.o" "../src/uartps_intr.c"
'Finished building: ../src/uartps_intr.c'
' '
'Building target: uart.elf'
'Invoking: ARM v7 gcc linker'
arm-none-eabi-gcc -mcpu=cortex-a9 -mfpu=vfpv3 -mfloat-abi=hard -Wl,-build-id=none -specs=Xilinx.spec -Wl,-T -Wl,../src/lscript.ld -L../../uart_bsp/ps7_cortexa9_0/lib -o "uart.elf"  ./src/helloworld.o ./src/platform.o ./src/uartps_intr.o ./src/xuartlite_intr.o   -Wl,--start-group,-lxil,-lgcc,-lc,--end-group
'Finished building target: uart.elf'
' '
'Invoking: ARM v7 Print Size'
arm-none-eabi-size uart.elf  |tee "uart.elf.size"
   text	   data	    bss	    dec	    hex	filename
  25412	   1936	  22760	  50108	   c3bc	uart.elf
'Finished building: uart.elf.size'
' '
14:27:25 **** Auto Build of configuration Debug for project uart ****
make pre-build main-build 
a9-linaro-pre-build-step
' '
'Building file: ../src/helloworld.c'
'Invoking: ARM v7 gcc compiler'
arm-none-eabi-gcc -Wall -O0 -g3 -c -fmessage-length=0 -MT"src/helloworld.o" -mcpu=cortex-a9 -mfpu=vfpv3 -mfloat-abi=hard -I../../uart_bsp/ps7_cortexa9_0/include -MMD -MP -MF"src/helloworld.d" -MT"src/helloworld.o" -o "src/helloworld.o" "../src/helloworld.c"
../src/helloworld.c: In function 'main':
../src/helloworld.c:59:5: warning: implicit declaration of function 'UartLiteIntr' [-Wimplicit-function-declaration]
     UartLiteIntr(UARTLITE_DEVICE_ID);
     ^~~~~~~~~~~~
'Finished building: ../src/helloworld.c'
' '
'Building target: uart.elf'
'Invoking: ARM v7 gcc linker'
arm-none-eabi-gcc -mcpu=cortex-a9 -mfpu=vfpv3 -mfloat-abi=hard -Wl,-build-id=none -specs=Xilinx.spec -Wl,-T -Wl,../src/lscript.ld -L../../uart_bsp/ps7_cortexa9_0/lib -o "uart.elf"  ./src/helloworld.o ./src/platform.o ./src/uartps_intr.o ./src/xuartlite_intr.o   -Wl,--start-group,-lxil,-lgcc,-lc,--end-group
'Finished building target: uart.elf'
' '
'Invoking: ARM v7 Print Size'
arm-none-eabi-size uart.elf  |tee "uart.elf.size"
   text	   data	    bss	    dec	    hex	filename
  25412	   1936	  22760	  50108	   c3bc	uart.elf
'Finished building: uart.elf.size'
' '
14:27:58 **** Auto Build of configuration Debug for project uart ****
make pre-build main-build 
a9-linaro-pre-build-step
' '
'Building file: ../src/uartps_intr.c'
'Invoking: ARM v7 gcc compiler'
arm-none-eabi-gcc -Wall -O0 -g3 -c -fmessage-length=0 -MT"src/uartps_intr.o" -mcpu=cortex-a9 -mfpu=vfpv3 -mfloat-abi=hard -I../../uart_bsp/ps7_cortexa9_0/include -MMD -MP -MF"src/uartps_intr.d" -MT"src/uartps_intr.o" -o "src/uartps_intr.o" "../src/uartps_intr.c"
../src/uartps_intr.c:14:5: warning: data definition has no type or storage class
     Status = XUartLite_Initialize(&UartLiteInstance, XPAR_UARTLITE_0_DEVICE_ID);
     ^~~~~~
../src/uartps_intr.c:14:5: warning: type defaults to 'int' in declaration of 'Status' [-Wimplicit-int]
../src/uartps_intr.c:14:14: warning: implicit declaration of function 'XUartLite_Initialize'; did you mean 'XUartPs_CfgInitialize'? [-Wimplicit-function-declaration]
     Status = XUartLite_Initialize(&UartLiteInstance, XPAR_UARTLITE_0_DEVICE_ID);
              ^~~~~~~~~~~~~~~~~~~~
              XUartPs_CfgInitialize
../src/uartps_intr.c:14:36: error: 'UartLiteInstance' undeclared here (not in a function)
     Status = XUartLite_Initialize(&UartLiteInstance, XPAR_UARTLITE_0_DEVICE_ID);
                                    ^~~~~~~~~~~~~~~~
../src/uartps_intr.c:15:5: error: expected identifier or '(' before 'if'
     if (Status != XST_SUCCESS) {
     ^~
../src/uartps_intr.c:20:5: warning: data definition has no type or storage class
     Status = SetupInterruptSystem(&GicInstance, &UartLiteInstance);
     ^~~~~~
../src/uartps_intr.c:20:5: warning: type defaults to 'int' in declaration of 'Status' [-Wimplicit-int]
../src/uartps_intr.c:20:5: error: redefinition of 'Status'
../src/uartps_intr.c:14:5: note: previous definition of 'Status' was here
     Status = XUartLite_Initialize(&UartLiteInstance, XPAR_UARTLITE_0_DEVICE_ID);
     ^~~~~~
../src/uartps_intr.c:20:14: warning: implicit declaration of function 'SetupInterruptSystem' [-Wimplicit-function-declaration]
     Status = SetupInterruptSystem(&GicInstance, &UartLiteInstance);
              ^~~~~~~~~~~~~~~~~~~~
../src/uartps_intr.c:20:36: error: 'GicInstance' undeclared here (not in a function)
     Status = SetupInterruptSystem(&GicInstance, &UartLiteInstance);
                                    ^~~~~~~~~~~
../src/uartps_intr.c:21:5: error: expected identifier or '(' before 'if'
     if (Status != XST_SUCCESS) {
     ^~
../src/uartps_intr.c:26:31: error: expected declaration specifiers or '...' before '&' token
     XUartLite_EnableInterrupt(&UartLiteInstance);
                               ^
make: *** [src/subdir.mk:32: src/uartps_intr.o] Error 1
14:29:08 **** Auto Build of configuration Debug for project uart ****
make pre-build main-build 
a9-linaro-pre-build-step
' '
'Building file: ../src/uartps_intr.c'
'Invoking: ARM v7 gcc compiler'
arm-none-eabi-gcc -Wall -O0 -g3 -c -fmessage-length=0 -MT"src/uartps_intr.o" -mcpu=cortex-a9 -mfpu=vfpv3 -mfloat-abi=hard -I../../uart_bsp/ps7_cortexa9_0/include -MMD -MP -MF"src/uartps_intr.d" -MT"src/uartps_intr.o" -o "src/uartps_intr.o" "../src/uartps_intr.c"
../src/uartps_intr.c: In function 'UartPsIntr':
../src/uartps_intr.c:20:5: error: 'Status' undeclared (first use in this function); did you mean 'XStatus'?
     Status = XUartPs_CfgInitialize(&UartInstance, UartConfig, UartConfig->BaseAddress);
     ^~~~~~
     XStatus
../src/uartps_intr.c:20:5: note: each undeclared identifier is reported only once for each function it appears in
../src/uartps_intr.c:20:37: error: 'UartInstance' undeclared (first use in this function); did you mean 'UartPsIntr'?
     Status = XUartPs_CfgInitialize(&UartInstance, UartConfig, UartConfig->BaseAddress);
                                     ^~~~~~~~~~~~
                                     UartPsIntr
../src/uartps_intr.c:29:14: warning: implicit declaration of function 'SetupInterruptSystem' [-Wimplicit-function-declaration]
     Status = SetupInterruptSystem(&GicInstance, &UartInstance);
              ^~~~~~~~~~~~~~~~~~~~
../src/uartps_intr.c:29:36: error: 'GicInstance' undeclared (first use in this function)
     Status = SetupInterruptSystem(&GicInstance, &UartInstance);
                                    ^~~~~~~~~~~
../src/uartps_intr.c:35:5: error: expected declaration or statement at end of input
     XUartPs_SetInterruptMask(&UartInstance, XUARTPS_IXR_RXOVR);
     ^~~~~~~~~~~~~~~~~~~~~~~~
../src/uartps_intr.c:35:5: warning: control reaches end of non-void function [-Wreturn-type]
     XUartPs_SetInterruptMask(&UartInstance, XUARTPS_IXR_RXOVR);
     ^~~~~~~~~~~~~~~~~~~~~~~~
make: *** [src/subdir.mk:32: src/uartps_intr.o] Error 1
14:29:20 **** Auto Build of configuration Debug for project uart ****
make pre-build main-build 
a9-linaro-pre-build-step
' '
'Building file: ../src/uartps_intr.c'
'Invoking: ARM v7 gcc compiler'
arm-none-eabi-gcc -Wall -O0 -g3 -c -fmessage-length=0 -MT"src/uartps_intr.o" -mcpu=cortex-a9 -mfpu=vfpv3 -mfloat-abi=hard -I../../uart_bsp/ps7_cortexa9_0/include -MMD -MP -MF"src/uartps_intr.d" -MT"src/uartps_intr.o" -o "src/uartps_intr.o" "../src/uartps_intr.c"
../src/uartps_intr.c: In function 'UartPsIntr':
../src/uartps_intr.c:21:37: error: 'UartInstance' undeclared (first use in this function); did you mean 'UartPsIntr'?
     Status = XUartPs_CfgInitialize(&UartInstance, UartConfig, UartConfig->BaseAddress);
                                     ^~~~~~~~~~~~
                                     UartPsIntr
../src/uartps_intr.c:21:37: note: each undeclared identifier is reported only once for each function it appears in
../src/uartps_intr.c:30:14: warning: implicit declaration of function 'SetupInterruptSystem' [-Wimplicit-function-declaration]
     Status = SetupInterruptSystem(&GicInstance, &UartInstance);
              ^~~~~~~~~~~~~~~~~~~~
[...]
'Finished building: uart.elf.size'
' '
17:15:27 **** Auto Build of configuration Debug for project uart ****
make pre-build main-build 
a9-linaro-pre-build-step
' '
'Building file: ../src/helloworld.c'
'Invoking: ARM v7 gcc compiler'
arm-none-eabi-gcc -Wall -O0 -g3 -c -fmessage-length=0 -MT"src/helloworld.o" -mcpu=cortex-a9 -mfpu=vfpv3 -mfloat-abi=hard -I../../uart_bsp/ps7_cortexa9_0/include -MMD -MP -MF"src/helloworld.d" -MT"src/helloworld.o" -o "src/helloworld.o" "../src/helloworld.c"
../src/helloworld.c: In function 'main':
../src/helloworld.c:64:5: warning: implicit declaration of function 'UartLiteIntr' [-Wimplicit-function-declaration]
     UartLiteIntr(UARTLITE_DEVICE_ID);
     ^~~~~~~~~~~~
../src/helloworld.c:66:5: warning: implicit declaration of function 'UartPsIntr'; did you mean 'XUartPs_Recv'? [-Wimplicit-function-declaration]
     UartPsIntr();
     ^~~~~~~~~~
     XUartPs_Recv
../src/helloworld.c:72:47: warning: pointer targets in passing argument 2 of 'u8_ring_buffer_dequeue_arr' differ in signedness [-Wpointer-sign]
       u8_ring_buffer_dequeue_arr(&ring_buffer,buffer,32);
                                               ^~~~~~
In file included from ../src/helloworld.c:53:
../src/Ring-Buffer/ringbuffer_u8.h:104:20: note: expected 'char *' but argument is of type 'u8 *' {aka 'unsigned char *'}
 ring_buffer_size_t u8_ring_buffer_dequeue_arr(u8_ring_buffer_t *buffer, char *data, ring_buffer_size_t len);
                    ^~~~~~~~~~~~~~~~~~~~~~~~~~
'Finished building: ../src/helloworld.c'
' '
'Building target: uart.elf'
'Invoking: ARM v7 gcc linker'
arm-none-eabi-gcc -mcpu=cortex-a9 -mfpu=vfpv3 -mfloat-abi=hard -Wl,-build-id=none -specs=Xilinx.spec -Wl,-T -Wl,../src/lscript.ld -L../../uart_bsp/ps7_cortexa9_0/lib -o "uart.elf"  ./src/Ring-Buffer/ringbuffer_u32.o ./src/Ring-Buffer/ringbuffer_u8.o  ./src/helloworld.o ./src/platform.o ./src/uartps_intr.o ./src/xuartlite_intr.o   -Wl,--start-group,-lxil,-lgcc,-lc,--end-group
'Finished building target: uart.elf'
' '
'Invoking: ARM v7 Print Size'
arm-none-eabi-size uart.elf  |tee "uart.elf.size"
   text	   data	    bss	    dec	    hex	filename
  34192	   1952	  23624	  59768	   e978	uart.elf
'Finished building: uart.elf.size'
' '
17:15:33 **** Incremental Build of configuration Debug for project uart ****
make pre-build main-build 
a9-linaro-pre-build-step
' '
make: Nothing to be done for 'main-build'.
17:18:00 **** Auto Build of configuration Debug for project uart ****
make pre-build main-build 
a9-linaro-pre-build-step
' '
'Building file: ../src/helloworld.c'
'Invoking: ARM v7 gcc compiler'
arm-none-eabi-gcc -Wall -O0 -g3 -c -fmessage-length=0 -MT"src/helloworld.o" -mcpu=cortex-a9 -mfpu=vfpv3 -mfloat-abi=hard -I../../uart_bsp/ps7_cortexa9_0/include -MMD -MP -MF"src/helloworld.d" -MT"src/helloworld.o" -o "src/helloworld.o" "../src/helloworld.c"
../src/helloworld.c: In function 'main':
../src/helloworld.c:64:5: warning: implicit declaration of function 'UartLiteIntr' [-Wimplicit-function-declaration]
     UartLiteIntr(UARTLITE_DEVICE_ID);
     ^~~~~~~~~~~~
../src/helloworld.c:66:5: warning: implicit declaration of function 'UartPsIntr'; did you mean 'XUartPs_Recv'? [-Wimplicit-function-declaration]
     UartPsIntr();
     ^~~~~~~~~~
     XUartPs_Recv
../src/helloworld.c:73:47: warning: pointer targets in passing argument 2 of 'u8_ring_buffer_dequeue_arr' differ in signedness [-Wpointer-sign]
       u8_ring_buffer_dequeue_arr(&ring_buffer,buffer,32);
                                               ^~~~~~
In file included from ../src/helloworld.c:53:
../src/Ring-Buffer/ringbuffer_u8.h:104:20: note: expected 'char *' but argument is of type 'u8 *' {aka 'unsigned char *'}
 ring_buffer_size_t u8_ring_buffer_dequeue_arr(u8_ring_buffer_t *buffer, char *data, ring_buffer_size_t len);
                    ^~~~~~~~~~~~~~~~~~~~~~~~~~
'Finished building: ../src/helloworld.c'
' '
'Building target: uart.elf'
'Invoking: ARM v7 gcc linker'
arm-none-eabi-gcc -mcpu=cortex-a9 -mfpu=vfpv3 -mfloat-abi=hard -Wl,-build-id=none -specs=Xilinx.spec -Wl,-T -Wl,../src/lscript.ld -L../../uart_bsp/ps7_cortexa9_0/lib -o "uart.elf"  ./src/Ring-Buffer/ringbuffer_u32.o ./src/Ring-Buffer/ringbuffer_u8.o  ./src/helloworld.o ./src/platform.o ./src/uartps_intr.o ./src/xuartlite_intr.o   -Wl,--start-group,-lxil,-lgcc,-lc,--end-group
'Finished building target: uart.elf'
' '
'Invoking: ARM v7 Print Size'
arm-none-eabi-size uart.elf  |tee "uart.elf.size"
   text	   data	    bss	    dec	    hex	filename
  34216	   1952	  23624	  59792	   e990	uart.elf
'Finished building: uart.elf.size'
' '
17:18:07 **** Incremental Build of configuration Debug for project uart ****
make pre-build main-build 
a9-linaro-pre-build-step
' '
make: Nothing to be done for 'main-build'.
17:24:23 **** Auto Build of configuration Debug for project uart ****
make pre-build main-build 
a9-linaro-pre-build-step
' '
'Building file: ../src/helloworld.c'
'Invoking: ARM v7 gcc compiler'
arm-none-eabi-gcc -Wall -O0 -g3 -c -fmessage-length=0 -MT"src/helloworld.o" -mcpu=cortex-a9 -mfpu=vfpv3 -mfloat-abi=hard -I../../uart_bsp/ps7_cortexa9_0/include -MMD -MP -MF"src/helloworld.d" -MT"src/helloworld.o" -o "src/helloworld.o" "../src/helloworld.c"
../src/helloworld.c: In function 'main':
../src/helloworld.c:64:5: warning: implicit declaration of function 'UartLiteIntr' [-Wimplicit-function-declaration]
     UartLiteIntr(UARTLITE_DEVICE_ID);
     ^~~~~~~~~~~~
../src/helloworld.c:66:5: warning: implicit declaration of function 'UartPsIntr'; did you mean 'XUartPs_Recv'? [-Wimplicit-function-declaration]
     UartPsIntr();
     ^~~~~~~~~~
     XUartPs_Recv
../src/helloworld.c:73:47: warning: pointer targets in passing argument 2 of 'u8_ring_buffer_dequeue_arr' differ in signedness [-Wpointer-sign]
       u8_ring_buffer_dequeue_arr(&ring_buffer,buffer,32);
                                               ^~~~~~
In file included from ../src/helloworld.c:53:
../src/Ring-Buffer/ringbuffer_u8.h:104:20: note: expected 'char *' but argument is of type 'u8 *' {aka 'unsigned char *'}
 ring_buffer_size_t u8_ring_buffer_dequeue_arr(u8_ring_buffer_t *buffer, char *data, ring_buffer_size_t len);
                    ^~~~~~~~~~~~~~~~~~~~~~~~~~
'Finished building: ../src/helloworld.c'
' '
'Building target: uart.elf'
'Invoking: ARM v7 gcc linker'
arm-none-eabi-gcc -mcpu=cortex-a9 -mfpu=vfpv3 -mfloat-abi=hard -Wl,-build-id=none -specs=Xilinx.spec -Wl,-T -Wl,../src/lscript.ld -L../../uart_bsp/ps7_cortexa9_0/lib -o "uart.elf"  ./src/Ring-Buffer/ringbuffer_u32.o ./src/Ring-Buffer/ringbuffer_u8.o  ./src/helloworld.o ./src/platform.o ./src/uartps_intr.o ./src/xuartlite_intr.o   -Wl,--start-group,-lxil,-lgcc,-lc,--end-group
'Finished building target: uart.elf'
' '
'Invoking: ARM v7 Print Size'
arm-none-eabi-size uart.elf  |tee "uart.elf.size"
   text	   data	    bss	    dec	    hex	filename
  71004	   3392	  24368	  98764	  181cc	uart.elf
'Finished building: uart.elf.size'
' '
17:24:27 **** Incremental Build of configuration Debug for project uart ****
make pre-build main-build 
a9-linaro-pre-build-step
' '
make: Nothing to be done for 'main-build'.
17:25:17 **** Auto Build of configuration Debug for project uart ****
make pre-build main-build 
a9-linaro-pre-build-step
' '
'Building file: ../src/helloworld.c'
'Invoking: ARM v7 gcc compiler'
arm-none-eabi-gcc -Wall -O0 -g3 -c -fmessage-length=0 -MT"src/helloworld.o" -mcpu=cortex-a9 -mfpu=vfpv3 -mfloat-abi=hard -I../../uart_bsp/ps7_cortexa9_0/include -MMD -MP -MF"src/helloworld.d" -MT"src/helloworld.o" -o "src/helloworld.o" "../src/helloworld.c"
../src/helloworld.c: In function 'main':
../src/helloworld.c:64:5: warning: implicit declaration of function 'UartLiteIntr' [-Wimplicit-function-declaration]
     UartLiteIntr(UARTLITE_DEVICE_ID);
     ^~~~~~~~~~~~
../src/helloworld.c:66:5: warning: implicit declaration of function 'UartPsIntr'; did you mean 'XUartPs_Recv'? [-Wimplicit-function-declaration]
     UartPsIntr();
     ^~~~~~~~~~
     XUartPs_Recv
../src/helloworld.c:73:47: warning: pointer targets in passing argument 2 of 'u8_ring_buffer_dequeue_arr' differ in signedness [-Wpointer-sign]
       u8_ring_buffer_dequeue_arr(&ring_buffer,buffer,32);
                                               ^~~~~~
In file included from ../src/helloworld.c:53:
../src/Ring-Buffer/ringbuffer_u8.h:104:20: note: expected 'char *' but argument is of type 'u8 *' {aka 'unsigned char *'}
 ring_buffer_size_t u8_ring_buffer_dequeue_arr(u8_ring_buffer_t *buffer, char *data, ring_buffer_size_t len);
                    ^~~~~~~~~~~~~~~~~~~~~~~~~~
'Finished building: ../src/helloworld.c'
' '
'Building target: uart.elf'
'Invoking: ARM v7 gcc linker'
arm-none-eabi-gcc -mcpu=cortex-a9 -mfpu=vfpv3 -mfloat-abi=hard -Wl,-build-id=none -specs=Xilinx.spec -Wl,-T -Wl,../src/lscript.ld -L../../uart_bsp/ps7_cortexa9_0/lib -o "uart.elf"  ./src/Ring-Buffer/ringbuffer_u32.o ./src/Ring-Buffer/ringbuffer_u8.o  ./src/helloworld.o ./src/platform.o ./src/uartps_intr.o ./src/xuartlite_intr.o   -Wl,--start-group,-lxil,-lgcc,-lc,--end-group
'Finished building target: uart.elf'
' '
'Invoking: ARM v7 Print Size'
arm-none-eabi-size uart.elf  |tee "uart.elf.size"
   text	   data	    bss	    dec	    hex	filename
  71004	   3392	  24368	  98764	  181cc	uart.elf
'Finished building: uart.elf.size'
' '
17:25:20 **** Incremental Build of configuration Debug for project uart ****
make pre-build main-build 
a9-linaro-pre-build-step
' '
make: Nothing to be done for 'main-build'.
17:27:25 **** Auto Build of configuration Debug for project uart ****
make pre-build main-build 
a9-linaro-pre-build-step
' '
'Building file: ../src/helloworld.c'
'Invoking: ARM v7 gcc compiler'
arm-none-eabi-gcc -Wall -O0 -g3 -c -fmessage-length=0 -MT"src/helloworld.o" -mcpu=cortex-a9 -mfpu=vfpv3 -mfloat-abi=hard -I../../uart_bsp/ps7_cortexa9_0/include -MMD -MP -MF"src/helloworld.d" -MT"src/helloworld.o" -o "src/helloworld.o" "../src/helloworld.c"
../src/helloworld.c: In function 'main':
../src/helloworld.c:64:5: warning: implicit declaration of function 'UartLiteIntr' [-Wimplicit-function-declaration]
     UartLiteIntr(UARTLITE_DEVICE_ID);
     ^~~~~~~~~~~~
../src/helloworld.c:66:5: warning: implicit declaration of function 'UartPsIntr'; did you mean 'XUartPs_Recv'? [-Wimplicit-function-declaration]
     UartPsIntr();
     ^~~~~~~~~~
     XUartPs_Recv
../src/helloworld.c:73:47: warning: pointer targets in passing argument 2 of 'u8_ring_buffer_dequeue_arr' differ in signedness [-Wpointer-sign]
       u8_ring_buffer_dequeue_arr(&ring_buffer,buffer,96);
                                               ^~~~~~
In file included from ../src/helloworld.c:53:
../src/Ring-Buffer/ringbuffer_u8.h:104:20: note: expected 'char *' but argument is of type 'u8 *' {aka 'unsigned char *'}
 ring_buffer_size_t u8_ring_buffer_dequeue_arr(u8_ring_buffer_t *buffer, char *data, ring_buffer_size_t len);
                    ^~~~~~~~~~~~~~~~~~~~~~~~~~
'Finished building: ../src/helloworld.c'
' '
'Building target: uart.elf'
'Invoking: ARM v7 gcc linker'
arm-none-eabi-gcc -mcpu=cortex-a9 -mfpu=vfpv3 -mfloat-abi=hard -Wl,-build-id=none -specs=Xilinx.spec -Wl,-T -Wl,../src/lscript.ld -L../../uart_bsp/ps7_cortexa9_0/lib -o "uart.elf"  ./src/Ring-Buffer/ringbuffer_u32.o ./src/Ring-Buffer/ringbuffer_u8.o  ./src/helloworld.o ./src/platform.o ./src/uartps_intr.o ./src/xuartlite_intr.o   -Wl,--start-group,-lxil,-lgcc,-lc,--end-group
'Finished building target: uart.elf'
' '
'Invoking: ARM v7 Print Size'
arm-none-eabi-size uart.elf  |tee "uart.elf.size"
   text	   data	    bss	    dec	    hex	filename
  71004	   3392	  24368	  98764	  181cc	uart.elf
'Finished building: uart.elf.size'
' '
17:27:30 **** Auto Build of configuration Debug for project uart ****
make pre-build main-build 
a9-linaro-pre-build-step
' '
'Building file: ../src/helloworld.c'
'Invoking: ARM v7 gcc compiler'
arm-none-eabi-gcc -Wall -O0 -g3 -c -fmessage-length=0 -MT"src/helloworld.o" -mcpu=cortex-a9 -mfpu=vfpv3 -mfloat-abi=hard -I../../uart_bsp/ps7_cortexa9_0/include -MMD -MP -MF"src/helloworld.d" -MT"src/helloworld.o" -o "src/helloworld.o" "../src/helloworld.c"
../src/helloworld.c: In function 'main':
../src/helloworld.c:64:5: warning: implicit declaration of function 'UartLiteIntr' [-Wimplicit-function-declaration]
     UartLiteIntr(UARTLITE_DEVICE_ID);
     ^~~~~~~~~~~~
../src/helloworld.c:66:5: warning: implicit declaration of function 'UartPsIntr'; did you mean 'XUartPs_Recv'? [-Wimplicit-function-declaration]
     UartPsIntr();
     ^~~~~~~~~~
     XUartPs_Recv
../src/helloworld.c:73:47: warning: pointer targets in passing argument 2 of 'u8_ring_buffer_dequeue_arr' differ in signedness [-Wpointer-sign]
       u8_ring_buffer_dequeue_arr(&ring_buffer,buffer,96);
                                               ^~~~~~
In file included from ../src/helloworld.c:53:
../src/Ring-Buffer/ringbuffer_u8.h:104:20: note: expected 'char *' but argument is of type 'u8 *' {aka 'unsigned char *'}
 ring_buffer_size_t u8_ring_buffer_dequeue_arr(u8_ring_buffer_t *buffer, char *data, ring_buffer_size_t len);
                    ^~~~~~~~~~~~~~~~~~~~~~~~~~
'Finished building: ../src/helloworld.c'
' '
'Building target: uart.elf'
'Invoking: ARM v7 gcc linker'
arm-none-eabi-gcc -mcpu=cortex-a9 -mfpu=vfpv3 -mfloat-abi=hard -Wl,-build-id=none -specs=Xilinx.spec -Wl,-T -Wl,../src/lscript.ld -L../../uart_bsp/ps7_cortexa9_0/lib -o "uart.elf"  ./src/Ring-Buffer/ringbuffer_u32.o ./src/Ring-Buffer/ringbuffer_u8.o  ./src/helloworld.o ./src/platform.o ./src/uartps_intr.o ./src/xuartlite_intr.o   -Wl,--start-group,-lxil,-lgcc,-lc,--end-group
'Finished building target: uart.elf'
' '
'Invoking: ARM v7 Print Size'
arm-none-eabi-size uart.elf  |tee "uart.elf.size"
   text	   data	    bss	    dec	    hex	filename
  71004	   3392	  24368	  98764	  181cc	uart.elf
'Finished building: uart.elf.size'
' '
17:28:11 **** Incremental Build of configuration Debug for project uart ****
make pre-build main-build 
a9-linaro-pre-build-step
' '
make: Nothing to be done for 'main-build'.
17:28:20 **** Auto Build of configuration Debug for project uart ****
make pre-build main-build 
a9-linaro-pre-build-step
' '
'Building file: ../src/helloworld.c'
'Invoking: ARM v7 gcc compiler'
arm-none-eabi-gcc -Wall -O0 -g3 -c -fmessage-length=0 -MT"src/helloworld.o" -mcpu=cortex-a9 -mfpu=vfpv3 -mfloat-abi=hard -I../../uart_bsp/ps7_cortexa9_0/include -MMD -MP -MF"src/helloworld.d" -MT"src/helloworld.o" -o "src/helloworld.o" "../src/helloworld.c"
../src/helloworld.c: In function 'main':
../src/helloworld.c:64:5: warning: implicit declaration of function 'UartLiteIntr' [-Wimplicit-function-declaration]
     UartLiteIntr(UARTLITE_DEVICE_ID);
     ^~~~~~~~~~~~
../src/helloworld.c:66:5: warning: implicit declaration of function 'UartPsIntr'; did you mean 'XUartPs_Recv'? [-Wimplicit-function-declaration]
     UartPsIntr();
     ^~~~~~~~~~
     XUartPs_Recv
../src/helloworld.c:73:47: warning: pointer targets in passing argument 2 of 'u8_ring_buffer_dequeue_arr' differ in signedness [-Wpointer-sign]
       u8_ring_buffer_dequeue_arr(&ring_buffer,buffer,96);
                                               ^~~~~~
In file included from ../src/helloworld.c:53:
../src/Ring-Buffer/ringbuffer_u8.h:104:20: note: expected 'char *' but argument is of type 'u8 *' {aka 'unsigned char *'}
 ring_buffer_size_t u8_ring_buffer_dequeue_arr(u8_ring_buffer_t *buffer, char *data, ring_buffer_size_t len);
                    ^~~~~~~~~~~~~~~~~~~~~~~~~~
'Finished building: ../src/helloworld.c'
' '
'Building target: uart.elf'
'Invoking: ARM v7 gcc linker'
arm-none-eabi-gcc -mcpu=cortex-a9 -mfpu=vfpv3 -mfloat-abi=hard -Wl,-build-id=none -specs=Xilinx.spec -Wl,-T -Wl,../src/lscript.ld -L../../uart_bsp/ps7_cortexa9_0/lib -o "uart.elf"  ./src/Ring-Buffer/ringbuffer_u32.o ./src/Ring-Buffer/ringbuffer_u8.o  ./src/helloworld.o ./src/platform.o ./src/uartps_intr.o ./src/xuartlite_intr.o   -Wl,--start-group,-lxil,-lgcc,-lc,--end-group
'Finished building target: uart.elf'
' '
'Invoking: ARM v7 Print Size'
arm-none-eabi-size uart.elf  |tee "uart.elf.size"
   text	   data	    bss	    dec	    hex	filename
  71004	   3392	  24368	  98764	  181cc	uart.elf
'Finished building: uart.elf.size'
' '
17:28:23 **** Incremental Build of configuration Debug for project uart ****
make pre-build main-build 
a9-linaro-pre-build-step
' '
make: Nothing to be done for 'main-build'.
17:30:03 **** Incremental Build of configuration Debug for project uart ****
make pre-build main-build 
a9-linaro-pre-build-step
' '
make: Nothing to be done for 'main-build'.
17:31:23 **** Incremental Build of configuration Debug for project uart ****
make pre-build main-build 
a9-linaro-pre-build-step
' '
make: Nothing to be done for 'main-build'.
17:31:42 **** Incremental Build of configuration Debug for project uart ****
make pre-build main-build 
a9-linaro-pre-build-step
' '
make: Nothing to be done for 'main-build'.
17:32:06 **** Incremental Build of configuration Debug for project uart ****
make pre-build main-build 
a9-linaro-pre-build-step
' '
make: Nothing to be done for 'main-build'.
17:32:34 **** Incremental Build of configuration Debug for project uart ****
make pre-build main-build 
a9-linaro-pre-build-step
' '
make: Nothing to be done for 'main-build'.
17:35:52 **** Auto Build of configuration Debug for project uart ****
make pre-build main-build 
a9-linaro-pre-build-step
' '
'Building file: ../src/helloworld.c'
'Invoking: ARM v7 gcc compiler'
arm-none-eabi-gcc -Wall -O0 -g3 -c -fmessage-length=0 -MT"src/helloworld.o" -mcpu=cortex-a9 -mfpu=vfpv3 -mfloat-abi=hard -I../../uart_bsp/ps7_cortexa9_0/include -MMD -MP -MF"src/helloworld.d" -MT"src/helloworld.o" -o "src/helloworld.o" "../src/helloworld.c"
../src/helloworld.c: In function 'main':
../src/helloworld.c:64:5: warning: implicit declaration of function 'UartLiteIntr' [-Wimplicit-function-declaration]
     UartLiteIntr(UARTLITE_DEVICE_ID);
     ^~~~~~~~~~~~
../src/helloworld.c:66:5: warning: implicit declaration of function 'UartPsIntr'; did you mean 'XUartPs_Recv'? [-Wimplicit-function-declaration]
     UartPsIntr();
     ^~~~~~~~~~
     XUartPs_Recv
../src/helloworld.c:78:47: warning: pointer targets in passing argument 2 of 'u8_ring_buffer_dequeue_arr' differ in signedness [-Wpointer-sign]
       u8_ring_buffer_dequeue_arr(&ring_buffer,buffer,96);
                                               ^~~~~~
In file included from ../src/helloworld.c:53:
../src/Ring-Buffer/ringbuffer_u8.h:104:20: note: expected 'char *' but argument is of type 'u8 *' {aka 'unsigned char *'}
 ring_buffer_size_t u8_ring_buffer_dequeue_arr(u8_ring_buffer_t *buffer, char *data, ring_buffer_size_t len);
                    ^~~~~~~~~~~~~~~~~~~~~~~~~~
'Finished building: ../src/helloworld.c'
' '
'Building target: uart.elf'
'Invoking: ARM v7 gcc linker'
arm-none-eabi-gcc -mcpu=cortex-a9 -mfpu=vfpv3 -mfloat-abi=hard -Wl,-build-id=none -specs=Xilinx.spec -Wl,-T -Wl,../src/lscript.ld -L../../uart_bsp/ps7_cortexa9_0/lib -o "uart.elf"  ./src/Ring-Buffer/ringbuffer_u32.o ./src/Ring-Buffer/ringbuffer_u8.o  ./src/helloworld.o ./src/platform.o ./src/uartps_intr.o ./src/xuartlite_intr.o   -Wl,--start-group,-lxil,-lgcc,-lc,--end-group
'Finished building target: uart.elf'
' '
'Invoking: ARM v7 Print Size'
arm-none-eabi-size uart.elf  |tee "uart.elf.size"
   text	   data	    bss	    dec	    hex	filename
  71224	   3392	  24368	  98984	  182a8	uart.elf
'Finished building: uart.elf.size'
' '
17:35:54 **** Incremental Build of configuration Debug for project uart ****
make pre-build main-build 
a9-linaro-pre-build-step
' '
make: Nothing to be done for 'main-build'.
17:36:50 **** Incremental Build of configuration Debug for project uart ****
make pre-build main-build 
a9-linaro-pre-build-step
' '
make: Nothing to be done for 'main-build'.
17:37:48 **** Incremental Build of configuration Debug for project uart ****
make pre-build main-build 
a9-linaro-pre-build-step
' '
make: Nothing to be done for 'main-build'.
