13:32:02 **** Build of configuration Debug for project uart_bsp_xuartlite_polled_example_1 ****
make pre-build main-build 
a9-linaro-pre-build-step
' '
'Building file: ../src/xuartlite_polled_example.c'
'Invoking: ARM v7 gcc compiler'
arm-none-eabi-gcc -Wall -O0 -g3 -c -fmessage-length=0 -MT"src/xuartlite_polled_example.o" -mcpu=cortex-a9 -mfpu=vfpv3 -mfloat-abi=hard -I../../uart_bsp/ps7_cortexa9_0/include -MMD -MP -MF"src/xuartlite_polled_example.d" -MT"src/xuartlite_polled_example.o" -o "src/xuartlite_polled_example.o" "../src/xuartlite_polled_example.c"
'Finished building: ../src/xuartlite_polled_example.c'
' '
'Building target: uart_bsp_xuartlite_polled_example_1.elf'
'Invoking: ARM v7 gcc linker'
arm-none-eabi-gcc -mcpu=cortex-a9 -mfpu=vfpv3 -mfloat-abi=hard -Wl,-build-id=none -specs=Xilinx.spec -Wl,-T -Wl,../src/lscript.ld -L../../uart_bsp/ps7_cortexa9_0/lib -o "uart_bsp_xuartlite_polled_example_1.elf"  ./src/xuartlite_polled_example.o   -Wl,--start-group,-lxil,-lgcc,-lc,--end-group
'Finished building target: uart_bsp_xuartlite_polled_example_1.elf'
' '
'Invoking: ARM v7 Print Size'
arm-none-eabi-size uart_bsp_xuartlite_polled_example_1.elf  |tee "uart_bsp_xuartlite_polled_example_1.elf.size"
   text	   data	    bss	    dec	    hex	filename
  31880	   1560	  23384	  56824	   ddf8	uart_bsp_xuartlite_polled_example_1.elf
'Finished building: uart_bsp_xuartlite_polled_example_1.elf.size'
' '

13:32:02 Build Finished (took 465ms)

